2025-12-24T15:21:42.2489672Z Current runner version: '2.330.0'
2025-12-24T15:21:42.2521523Z ##[group]Runner Image Provisioner
2025-12-24T15:21:42.2522796Z Hosted Compute Agent
2025-12-24T15:21:42.2523605Z Version: 20251211.462
2025-12-24T15:21:42.2524497Z Commit: 6cbad8c2bb55d58165063d031ccabf57e2d2db61
2025-12-24T15:21:42.2525699Z Build Date: 2025-12-11T16:28:49Z
2025-12-24T15:21:42.2526743Z Worker ID: {384d7615-f0e7-4ccf-b077-f0c8ba616037}
2025-12-24T15:21:42.2527778Z ##[endgroup]
2025-12-24T15:21:42.2528710Z ##[group]Operating System
2025-12-24T15:21:42.2529821Z Ubuntu
2025-12-24T15:21:42.2530484Z 24.04.3
2025-12-24T15:21:42.2531259Z LTS
2025-12-24T15:21:42.2532002Z ##[endgroup]
2025-12-24T15:21:42.2532829Z ##[group]Runner Image
2025-12-24T15:21:42.2533721Z Image: ubuntu-24.04
2025-12-24T15:21:42.2534530Z Version: 20251215.174.1
2025-12-24T15:21:42.2536193Z Included Software: https://github.com/actions/runner-images/blob/ubuntu24/20251215.174/images/ubuntu/Ubuntu2404-Readme.md
2025-12-24T15:21:42.2539106Z Image Release: https://github.com/actions/runner-images/releases/tag/ubuntu24%2F20251215.174
2025-12-24T15:21:42.2540814Z ##[endgroup]
2025-12-24T15:21:42.2542574Z ##[group]GITHUB_TOKEN Permissions
2025-12-24T15:21:42.2545228Z Contents: read
2025-12-24T15:21:42.2546117Z Metadata: read
2025-12-24T15:21:42.2546883Z Packages: read
2025-12-24T15:21:42.2547644Z ##[endgroup]
2025-12-24T15:21:42.2550625Z Secret source: Actions
2025-12-24T15:21:42.2551801Z Prepare workflow directory
2025-12-24T15:21:42.3331306Z Prepare all required actions
2025-12-24T15:21:42.3368604Z Getting action download info
2025-12-24T15:21:42.5899132Z Download action repository 'actions/checkout@v4' (SHA:34e114876b0b11c390a56381ad16ebd13914f8d5)
2025-12-24T15:21:42.7151888Z Download action repository 'actions/setup-python@v5' (SHA:a26af69be951a213d495a4c3e4e4022e16d87065)
2025-12-24T15:21:42.7964551Z Download action repository 'actions/upload-artifact@v4' (SHA:ea165f8d65b6e75b540449e92b4886f43607fa02)
2025-12-24T15:21:43.0143412Z Complete job name: build (3.10, 15)
2025-12-24T15:21:43.0590873Z ##[group]Checking docker version
2025-12-24T15:21:43.0603613Z ##[command]/usr/bin/docker version --format '{{.Server.APIVersion}}'
2025-12-24T15:21:43.1541498Z '1.48'
2025-12-24T15:21:43.1552714Z Docker daemon API version: '1.48'
2025-12-24T15:21:43.1553435Z ##[command]/usr/bin/docker version --format '{{.Client.APIVersion}}'
2025-12-24T15:21:43.1714359Z '1.48'
2025-12-24T15:21:43.1727062Z Docker client API version: '1.48'
2025-12-24T15:21:43.1732738Z ##[endgroup]
2025-12-24T15:21:43.1735431Z ##[group]Clean up resources from previous jobs
2025-12-24T15:21:43.1740811Z ##[command]/usr/bin/docker ps --all --quiet --no-trunc --filter "label=6b7d35"
2025-12-24T15:21:43.1877854Z ##[command]/usr/bin/docker network prune --force --filter "label=6b7d35"
2025-12-24T15:21:43.2011935Z ##[endgroup]
2025-12-24T15:21:43.2012401Z ##[group]Create local container network
2025-12-24T15:21:43.2022934Z ##[command]/usr/bin/docker network create --label 6b7d35 github_network_966cbc467e244145bab1e4f44881e0b0
2025-12-24T15:21:43.2529531Z f570dc3b87e01a1da4373a7034078e238f8eb1dd22d963e307495c9760654048
2025-12-24T15:21:43.2550718Z ##[endgroup]
2025-12-24T15:21:43.2585771Z ##[group]Starting postgres service container
2025-12-24T15:21:43.2615165Z ##[command]/usr/bin/docker pull pgvector/pgvector:pg15
2025-12-24T15:21:43.6047368Z pg15: Pulling from pgvector/pgvector
2025-12-24T15:21:43.6948082Z 1adabd6b0d6b: Pulling fs layer
2025-12-24T15:21:43.6949335Z 73ee5ee9268b: Pulling fs layer
2025-12-24T15:21:43.6950632Z b8d35b4b83c9: Pulling fs layer
2025-12-24T15:21:43.6951453Z 2ebdb640b421: Pulling fs layer
2025-12-24T15:21:43.6952282Z 0048e45537f7: Pulling fs layer
2025-12-24T15:21:43.6953119Z 6f0b3e3d51c5: Pulling fs layer
2025-12-24T15:21:43.6954407Z a4d1ff44b100: Pulling fs layer
2025-12-24T15:21:43.6954987Z c53889e7dd5e: Pulling fs layer
2025-12-24T15:21:43.6955500Z 7f142a77e085: Pulling fs layer
2025-12-24T15:21:43.6955956Z e85e07f19df7: Pulling fs layer
2025-12-24T15:21:43.6956435Z eaf227071e90: Pulling fs layer
2025-12-24T15:21:43.6957193Z 1511389eb2b6: Pulling fs layer
2025-12-24T15:21:43.6957629Z 08092814e70a: Pulling fs layer
2025-12-24T15:21:43.6958069Z 350a673bcbf0: Pulling fs layer
2025-12-24T15:21:43.6958505Z 586c3fbbaaa0: Pulling fs layer
2025-12-24T15:21:43.6959201Z af914e7c39c3: Pulling fs layer
2025-12-24T15:21:43.6959641Z c53889e7dd5e: Waiting
2025-12-24T15:21:43.6960033Z 7f142a77e085: Waiting
2025-12-24T15:21:43.6960413Z e85e07f19df7: Waiting
2025-12-24T15:21:43.6960776Z 08092814e70a: Waiting
2025-12-24T15:21:43.6961200Z eaf227071e90: Waiting
2025-12-24T15:21:43.6961573Z 350a673bcbf0: Waiting
2025-12-24T15:21:43.6961960Z 1511389eb2b6: Waiting
2025-12-24T15:21:43.6962334Z 586c3fbbaaa0: Waiting
2025-12-24T15:21:43.6962712Z af914e7c39c3: Waiting
2025-12-24T15:21:43.6963084Z 0048e45537f7: Waiting
2025-12-24T15:21:43.6963457Z 6f0b3e3d51c5: Waiting
2025-12-24T15:21:43.6963837Z 2ebdb640b421: Waiting
2025-12-24T15:21:43.6964217Z a4d1ff44b100: Waiting
2025-12-24T15:21:43.7951086Z 73ee5ee9268b: Verifying Checksum
2025-12-24T15:21:43.7951994Z 73ee5ee9268b: Download complete
2025-12-24T15:21:43.8743595Z b8d35b4b83c9: Verifying Checksum
2025-12-24T15:21:43.8744747Z b8d35b4b83c9: Download complete
2025-12-24T15:21:43.9905273Z 2ebdb640b421: Verifying Checksum
2025-12-24T15:21:43.9907949Z 2ebdb640b421: Download complete
2025-12-24T15:21:44.0325246Z 0048e45537f7: Verifying Checksum
2025-12-24T15:21:44.0327681Z 0048e45537f7: Download complete
2025-12-24T15:21:44.0440748Z 1adabd6b0d6b: Verifying Checksum
2025-12-24T15:21:44.0442360Z 1adabd6b0d6b: Download complete
2025-12-24T15:21:44.1116071Z a4d1ff44b100: Verifying Checksum
2025-12-24T15:21:44.1124234Z a4d1ff44b100: Download complete
2025-12-24T15:21:44.1171241Z 6f0b3e3d51c5: Download complete
2025-12-24T15:21:44.1213524Z c53889e7dd5e: Verifying Checksum
2025-12-24T15:21:44.1215164Z c53889e7dd5e: Download complete
2025-12-24T15:21:44.1997203Z eaf227071e90: Verifying Checksum
2025-12-24T15:21:44.1998756Z eaf227071e90: Download complete
2025-12-24T15:21:44.2004809Z e85e07f19df7: Verifying Checksum
2025-12-24T15:21:44.2006153Z e85e07f19df7: Download complete
2025-12-24T15:21:44.2866786Z 08092814e70a: Verifying Checksum
2025-12-24T15:21:44.2868131Z 08092814e70a: Download complete
2025-12-24T15:21:44.2932135Z 1511389eb2b6: Download complete
2025-12-24T15:21:44.3891934Z 586c3fbbaaa0: Verifying Checksum
2025-12-24T15:21:44.3892584Z 586c3fbbaaa0: Download complete
2025-12-24T15:21:44.4187721Z 350a673bcbf0: Verifying Checksum
2025-12-24T15:21:44.7060505Z af914e7c39c3: Verifying Checksum
2025-12-24T15:21:45.2162977Z af914e7c39c3: Download complete
2025-12-24T15:21:45.2163625Z 7f142a77e085: Verifying Checksum
2025-12-24T15:21:45.2164164Z 7f142a77e085: Download complete
2025-12-24T15:21:45.2399051Z 1adabd6b0d6b: Pull complete
2025-12-24T15:21:45.5986549Z 73ee5ee9268b: Pull complete
2025-12-24T15:21:45.7305656Z b8d35b4b83c9: Pull complete
2025-12-24T15:21:45.7809306Z 2ebdb640b421: Pull complete
2025-12-24T15:21:46.0785896Z 0048e45537f7: Pull complete
2025-12-24T15:21:46.1615567Z 6f0b3e3d51c5: Pull complete
2025-12-24T15:21:46.1712179Z a4d1ff44b100: Pull complete
2025-12-24T15:21:46.1827317Z c53889e7dd5e: Pull complete
2025-12-24T15:21:48.9881053Z 7f142a77e085: Pull complete
2025-12-24T15:21:49.0020127Z e85e07f19df7: Pull complete
2025-12-24T15:21:49.0104611Z eaf227071e90: Pull complete
2025-12-24T15:21:49.0202136Z 1511389eb2b6: Pull complete
2025-12-24T15:21:49.0300761Z 08092814e70a: Pull complete
2025-12-24T15:21:49.0386211Z 350a673bcbf0: Pull complete
2025-12-24T15:21:49.0872197Z 586c3fbbaaa0: Pull complete
2025-12-24T15:21:50.0172741Z af914e7c39c3: Pull complete
2025-12-24T15:21:50.0212802Z Digest: sha256:82b87aba3a766689d839ffbbf1db5ad109a2a323ebf0f16a9be91eb21be656a5
2025-12-24T15:21:50.0223179Z Status: Downloaded newer image for pgvector/pgvector:pg15
2025-12-24T15:21:50.0237536Z docker.io/pgvector/pgvector:pg15
2025-12-24T15:21:50.0296591Z ##[command]/usr/bin/docker create --name 5559a299a6ab42929245215fce35c355_pgvectorpgvectorpg15_1da24c --label 6b7d35 --network github_network_966cbc467e244145bab1e4f44881e0b0 --network-alias postgres -p 5433:5432 --health-cmd "pg_isready -U cns" --health-interval 10s --health-timeout 5s --health-retries 5 -e "POSTGRES_USER=cns" -e "POSTGRES_PASSWORD=cns" -e "POSTGRES_DB=cns" -e GITHUB_ACTIONS=true -e CI=true pgvector/pgvector:pg15
2025-12-24T15:21:50.0556580Z e7108ea544f20d0f0124bf0bf2358fbc69e2a5bec55547af0f3db2c47ce5c623
2025-12-24T15:21:50.0578824Z ##[command]/usr/bin/docker start e7108ea544f20d0f0124bf0bf2358fbc69e2a5bec55547af0f3db2c47ce5c623
2025-12-24T15:21:50.3569348Z e7108ea544f20d0f0124bf0bf2358fbc69e2a5bec55547af0f3db2c47ce5c623
2025-12-24T15:21:50.3592298Z ##[command]/usr/bin/docker ps --all --filter id=e7108ea544f20d0f0124bf0bf2358fbc69e2a5bec55547af0f3db2c47ce5c623 --filter status=running --no-trunc --format "{{.ID}} {{.Status}}"
2025-12-24T15:21:50.3717512Z e7108ea544f20d0f0124bf0bf2358fbc69e2a5bec55547af0f3db2c47ce5c623 Up Less than a second (health: starting)
2025-12-24T15:21:50.3736933Z ##[command]/usr/bin/docker port e7108ea544f20d0f0124bf0bf2358fbc69e2a5bec55547af0f3db2c47ce5c623
2025-12-24T15:21:50.3862980Z 5432/tcp -> 0.0.0.0:5433
2025-12-24T15:21:50.3863398Z 5432/tcp -> [::]:5433
2025-12-24T15:21:50.3910116Z ##[endgroup]
2025-12-24T15:21:50.3917958Z ##[group]Waiting for all services to be ready
2025-12-24T15:21:50.3931338Z ##[command]/usr/bin/docker inspect --format="{{if .Config.Healthcheck}}{{print .State.Health.Status}}{{end}}" e7108ea544f20d0f0124bf0bf2358fbc69e2a5bec55547af0f3db2c47ce5c623
2025-12-24T15:21:50.4062786Z starting
2025-12-24T15:21:50.4087514Z postgres service is starting, waiting 2 seconds before checking again.
2025-12-24T15:21:52.4082456Z ##[command]/usr/bin/docker inspect --format="{{if .Config.Healthcheck}}{{print .State.Health.Status}}{{end}}" e7108ea544f20d0f0124bf0bf2358fbc69e2a5bec55547af0f3db2c47ce5c623
2025-12-24T15:21:52.4201266Z starting
2025-12-24T15:21:52.4214623Z postgres service is starting, waiting 4 seconds before checking again.
2025-12-24T15:21:56.5961432Z ##[command]/usr/bin/docker inspect --format="{{if .Config.Healthcheck}}{{print .State.Health.Status}}{{end}}" e7108ea544f20d0f0124bf0bf2358fbc69e2a5bec55547af0f3db2c47ce5c623
2025-12-24T15:21:56.6077276Z starting
2025-12-24T15:21:56.6150771Z postgres service is starting, waiting 6 seconds before checking again.
2025-12-24T15:22:03.5769778Z ##[command]/usr/bin/docker inspect --format="{{if .Config.Healthcheck}}{{print .State.Health.Status}}{{end}}" e7108ea544f20d0f0124bf0bf2358fbc69e2a5bec55547af0f3db2c47ce5c623
2025-12-24T15:22:03.5897696Z healthy
2025-12-24T15:22:03.5918692Z postgres service is healthy.
2025-12-24T15:22:03.5919690Z ##[endgroup]
2025-12-24T15:22:03.6154117Z ##[group]Run actions/checkout@v4
2025-12-24T15:22:03.6154633Z with:
2025-12-24T15:22:03.6154824Z   repository: Mario4272/cns
2025-12-24T15:22:03.6155183Z   token: ***
2025-12-24T15:22:03.6155360Z   ssh-strict: true
2025-12-24T15:22:03.6155537Z   ssh-user: git
2025-12-24T15:22:03.6155714Z   persist-credentials: true
2025-12-24T15:22:03.6155920Z   clean: true
2025-12-24T15:22:03.6156100Z   sparse-checkout-cone-mode: true
2025-12-24T15:22:03.6156356Z   fetch-depth: 1
2025-12-24T15:22:03.6156529Z   fetch-tags: false
2025-12-24T15:22:03.6156710Z   show-progress: true
2025-12-24T15:22:03.6156884Z   lfs: false
2025-12-24T15:22:03.6157047Z   submodules: false
2025-12-24T15:22:03.6157234Z   set-safe-directory: true
2025-12-24T15:22:03.6157620Z ##[endgroup]
2025-12-24T15:22:03.7220240Z Syncing repository: Mario4272/cns
2025-12-24T15:22:03.7221679Z ##[group]Getting Git version info
2025-12-24T15:22:03.7222023Z Working directory is '/home/runner/work/cns/cns'
2025-12-24T15:22:03.7222570Z [command]/usr/bin/git version
2025-12-24T15:22:03.7315008Z git version 2.52.0
2025-12-24T15:22:03.7344186Z ##[endgroup]
2025-12-24T15:22:03.7360139Z Temporarily overriding HOME='/home/runner/work/_temp/5fab902a-e0d1-418d-bc93-3ad5d3dd733c' before making global git config changes
2025-12-24T15:22:03.7361093Z Adding repository directory to the temporary git global config as a safe directory
2025-12-24T15:22:03.7373679Z [command]/usr/bin/git config --global --add safe.directory /home/runner/work/cns/cns
2025-12-24T15:22:03.7414309Z Deleting the contents of '/home/runner/work/cns/cns'
2025-12-24T15:22:03.7418002Z ##[group]Initializing the repository
2025-12-24T15:22:03.7422475Z [command]/usr/bin/git init /home/runner/work/cns/cns
2025-12-24T15:22:03.7535911Z hint: Using 'master' as the name for the initial branch. This default branch name
2025-12-24T15:22:03.7536940Z hint: will change to "main" in Git 3.0. To configure the initial branch name
2025-12-24T15:22:03.7537651Z hint: to use in all of your new repositories, which will suppress this warning,
2025-12-24T15:22:03.7538014Z hint: call:
2025-12-24T15:22:03.7538192Z hint:
2025-12-24T15:22:03.7538485Z hint: 	git config --global init.defaultBranch <name>
2025-12-24T15:22:03.7538778Z hint:
2025-12-24T15:22:03.7539294Z hint: Names commonly chosen instead of 'master' are 'main', 'trunk' and
2025-12-24T15:22:03.7540144Z hint: 'development'. The just-created branch can be renamed via this command:
2025-12-24T15:22:03.7540801Z hint:
2025-12-24T15:22:03.7540985Z hint: 	git branch -m <name>
2025-12-24T15:22:03.7541195Z hint:
2025-12-24T15:22:03.7541488Z hint: Disable this message with "git config set advice.defaultBranchName false"
2025-12-24T15:22:03.7542340Z Initialized empty Git repository in /home/runner/work/cns/cns/.git/
2025-12-24T15:22:03.7552633Z [command]/usr/bin/git remote add origin https://github.com/Mario4272/cns
2025-12-24T15:22:03.7586384Z ##[endgroup]
2025-12-24T15:22:03.7586974Z ##[group]Disabling automatic garbage collection
2025-12-24T15:22:03.7591464Z [command]/usr/bin/git config --local gc.auto 0
2025-12-24T15:22:03.7618871Z ##[endgroup]
2025-12-24T15:22:03.7619716Z ##[group]Setting up auth
2025-12-24T15:22:03.7626708Z [command]/usr/bin/git config --local --name-only --get-regexp core\.sshCommand
2025-12-24T15:22:03.7657105Z [command]/usr/bin/git submodule foreach --recursive sh -c "git config --local --name-only --get-regexp 'core\.sshCommand' && git config --local --unset-all 'core.sshCommand' || :"
2025-12-24T15:22:03.8023602Z [command]/usr/bin/git config --local --name-only --get-regexp http\.https\:\/\/github\.com\/\.extraheader
2025-12-24T15:22:03.8054652Z [command]/usr/bin/git submodule foreach --recursive sh -c "git config --local --name-only --get-regexp 'http\.https\:\/\/github\.com\/\.extraheader' && git config --local --unset-all 'http.https://github.com/.extraheader' || :"
2025-12-24T15:22:03.8277689Z [command]/usr/bin/git config --local --name-only --get-regexp ^includeIf\.gitdir:
2025-12-24T15:22:03.8307762Z [command]/usr/bin/git submodule foreach --recursive git config --local --show-origin --name-only --get-regexp remote.origin.url
2025-12-24T15:22:03.8536003Z [command]/usr/bin/git config --local http.https://github.com/.extraheader AUTHORIZATION: basic ***
2025-12-24T15:22:03.8569144Z ##[endgroup]
2025-12-24T15:22:03.8569850Z ##[group]Fetching the repository
2025-12-24T15:22:03.8577640Z [command]/usr/bin/git -c protocol.version=2 fetch --no-tags --prune --no-recurse-submodules --depth=1 origin +ded337f8de4d185bbfe3bf25f49d1730ca928d91:refs/remotes/origin/main
2025-12-24T15:22:04.0427874Z From https://github.com/Mario4272/cns
2025-12-24T15:22:04.0428554Z  * [new ref]         ded337f8de4d185bbfe3bf25f49d1730ca928d91 -> origin/main
2025-12-24T15:22:04.0462321Z ##[endgroup]
2025-12-24T15:22:04.0462946Z ##[group]Determining the checkout info
2025-12-24T15:22:04.0465626Z ##[endgroup]
2025-12-24T15:22:04.0471000Z [command]/usr/bin/git sparse-checkout disable
2025-12-24T15:22:04.0512761Z [command]/usr/bin/git config --local --unset-all extensions.worktreeConfig
2025-12-24T15:22:04.0538236Z ##[group]Checking out the ref
2025-12-24T15:22:04.0542596Z [command]/usr/bin/git checkout --progress --force -B main refs/remotes/origin/main
2025-12-24T15:22:04.0657535Z Switched to a new branch 'main'
2025-12-24T15:22:04.0661114Z branch 'main' set up to track 'origin/main'.
2025-12-24T15:22:04.0667305Z ##[endgroup]
2025-12-24T15:22:04.0702497Z [command]/usr/bin/git log -1 --format=%H
2025-12-24T15:22:04.0724203Z ded337f8de4d185bbfe3bf25f49d1730ca928d91
2025-12-24T15:22:04.0931183Z ##[group]Run actions/setup-python@v5
2025-12-24T15:22:04.0931444Z with:
2025-12-24T15:22:04.0931617Z   python-version: 3.10
2025-12-24T15:22:04.0931819Z   check-latest: false
2025-12-24T15:22:04.0932120Z   token: ***
2025-12-24T15:22:04.0932310Z   update-environment: true
2025-12-24T15:22:04.0932532Z   allow-prereleases: false
2025-12-24T15:22:04.0932730Z   freethreaded: false
2025-12-24T15:22:04.0932917Z ##[endgroup]
2025-12-24T15:22:04.2586164Z ##[group]Installed versions
2025-12-24T15:22:04.2707203Z Successfully set up CPython (3.10.19)
2025-12-24T15:22:04.2708469Z ##[endgroup]
2025-12-24T15:22:04.2818345Z ##[group]Run python -m pip install --upgrade pip
2025-12-24T15:22:04.2818761Z [36;1mpython -m pip install --upgrade pip[0m
2025-12-24T15:22:04.2819373Z [36;1mpip install ".[dev]"[0m
2025-12-24T15:22:04.2871790Z shell: /usr/bin/bash -e {0}
2025-12-24T15:22:04.2872026Z env:
2025-12-24T15:22:04.2872279Z   pythonLocation: /opt/hostedtoolcache/Python/3.10.19/x64
2025-12-24T15:22:04.2872711Z   PKG_CONFIG_PATH: /opt/hostedtoolcache/Python/3.10.19/x64/lib/pkgconfig
2025-12-24T15:22:04.2873097Z   Python_ROOT_DIR: /opt/hostedtoolcache/Python/3.10.19/x64
2025-12-24T15:22:04.2873432Z   Python2_ROOT_DIR: /opt/hostedtoolcache/Python/3.10.19/x64
2025-12-24T15:22:04.2873781Z   Python3_ROOT_DIR: /opt/hostedtoolcache/Python/3.10.19/x64
2025-12-24T15:22:04.2874120Z   LD_LIBRARY_PATH: /opt/hostedtoolcache/Python/3.10.19/x64/lib
2025-12-24T15:22:04.2874403Z ##[endgroup]
2025-12-24T15:22:05.0590440Z Requirement already satisfied: pip in /opt/hostedtoolcache/Python/3.10.19/x64/lib/python3.10/site-packages (25.3)
2025-12-24T15:22:05.6782733Z Processing /home/runner/work/cns/cns
2025-12-24T15:22:05.6802063Z   Installing build dependencies: started
2025-12-24T15:22:06.6371089Z   Installing build dependencies: finished with status 'done'
2025-12-24T15:22:06.6378081Z   Getting requirements to build wheel: started
2025-12-24T15:22:07.0747388Z   Getting requirements to build wheel: finished with status 'done'
2025-12-24T15:22:07.0757720Z   Preparing metadata (pyproject.toml): started
2025-12-24T15:22:07.2569479Z   Preparing metadata (pyproject.toml): finished with status 'done'
2025-12-24T15:22:07.3535775Z Collecting psycopg>=3.1 (from psycopg[binary]>=3.1->cns==0.0.1)
2025-12-24T15:22:07.4207166Z   Downloading psycopg-3.3.2-py3-none-any.whl.metadata (4.3 kB)
2025-12-24T15:22:07.4451049Z Collecting pgvector>=0.2.5 (from cns==0.0.1)
2025-12-24T15:22:07.4529180Z   Downloading pgvector-0.4.2-py3-none-any.whl.metadata (19 kB)
2025-12-24T15:22:07.4775830Z Collecting python-dateutil>=2.9.0 (from cns==0.0.1)
2025-12-24T15:22:07.4849553Z   Downloading python_dateutil-2.9.0.post0-py2.py3-none-any.whl.metadata (8.4 kB)
2025-12-24T15:22:07.5462425Z Collecting pytest>=8.2.0 (from cns==0.0.1)
2025-12-24T15:22:07.5537037Z   Downloading pytest-9.0.2-py3-none-any.whl.metadata (7.6 kB)
2025-12-24T15:22:07.5794710Z Collecting pytest-cov>=5.0.0 (from cns==0.0.1)
2025-12-24T15:22:07.5868042Z   Downloading pytest_cov-7.0.0-py3-none-any.whl.metadata (31 kB)
2025-12-24T15:22:07.8791160Z Collecting hypothesis>=6.112.0 (from cns==0.0.1)
2025-12-24T15:22:07.8866710Z   Downloading hypothesis-6.148.8-py3-none-any.whl.metadata (5.6 kB)
2025-12-24T15:22:07.9234833Z Collecting testcontainers>=4.9.0 (from testcontainers[postgres]>=4.9.0; extra == "dev"->cns==0.0.1)
2025-12-24T15:22:07.9340317Z   Downloading testcontainers-4.13.3-py3-none-any.whl.metadata (8.4 kB)
2025-12-24T15:22:08.4277253Z Collecting ruff>=0.6.9 (from cns==0.0.1)
2025-12-24T15:22:08.4353801Z   Downloading ruff-0.14.10-py3-none-manylinux_2_17_x86_64.manylinux2014_x86_64.whl.metadata (26 kB)
2025-12-24T15:22:08.5045150Z Collecting black>=24.8.0 (from cns==0.0.1)
2025-12-24T15:22:08.5122977Z   Downloading black-25.12.0-cp310-cp310-manylinux2014_x86_64.manylinux_2_17_x86_64.manylinux_2_28_x86_64.whl.metadata (86 kB)
2025-12-24T15:22:08.6583103Z Collecting mypy>=1.10.0 (from cns==0.0.1)
2025-12-24T15:22:08.6680659Z   Downloading mypy-1.19.1-cp310-cp310-manylinux2014_x86_64.manylinux_2_17_x86_64.manylinux_2_28_x86_64.whl.metadata (2.2 kB)
2025-12-24T15:22:08.6962536Z Collecting types-python-dateutil>=2.8.0 (from cns==0.0.1)
2025-12-24T15:22:08.7036147Z   Downloading types_python_dateutil-2.9.0.20251115-py3-none-any.whl.metadata (1.8 kB)
2025-12-24T15:22:08.7279314Z Collecting click>=8.0.0 (from black>=24.8.0->cns==0.0.1)
2025-12-24T15:22:08.7354941Z   Downloading click-8.3.1-py3-none-any.whl.metadata (2.6 kB)
2025-12-24T15:22:08.7498641Z Collecting mypy-extensions>=0.4.3 (from black>=24.8.0->cns==0.0.1)
2025-12-24T15:22:08.7570766Z   Downloading mypy_extensions-1.1.0-py3-none-any.whl.metadata (1.1 kB)
2025-12-24T15:22:08.7775473Z Collecting packaging>=22.0 (from black>=24.8.0->cns==0.0.1)
2025-12-24T15:22:08.7848465Z   Downloading packaging-25.0-py3-none-any.whl.metadata (3.3 kB)
2025-12-24T15:22:08.8014133Z Collecting pathspec>=0.9.0 (from black>=24.8.0->cns==0.0.1)
2025-12-24T15:22:08.8084354Z   Downloading pathspec-0.12.1-py3-none-any.whl.metadata (21 kB)
2025-12-24T15:22:08.8368737Z Collecting platformdirs>=2 (from black>=24.8.0->cns==0.0.1)
2025-12-24T15:22:08.8444429Z   Downloading platformdirs-4.5.1-py3-none-any.whl.metadata (12 kB)
2025-12-24T15:22:08.8634795Z Collecting pytokens>=0.3.0 (from black>=24.8.0->cns==0.0.1)
2025-12-24T15:22:08.8706878Z   Downloading pytokens-0.3.0-py3-none-any.whl.metadata (2.0 kB)
2025-12-24T15:22:08.9202132Z Collecting tomli>=1.1.0 (from black>=24.8.0->cns==0.0.1)
2025-12-24T15:22:08.9312337Z   Downloading tomli-2.3.0-py3-none-any.whl.metadata (10 kB)
2025-12-24T15:22:08.9557860Z Collecting typing-extensions>=4.0.1 (from black>=24.8.0->cns==0.0.1)
2025-12-24T15:22:08.9635921Z   Downloading typing_extensions-4.15.0-py3-none-any.whl.metadata (3.3 kB)
2025-12-24T15:22:08.9849905Z Collecting exceptiongroup>=1.0.0 (from hypothesis>=6.112.0->cns==0.0.1)
2025-12-24T15:22:08.9922876Z   Downloading exceptiongroup-1.3.1-py3-none-any.whl.metadata (6.7 kB)
2025-12-24T15:22:09.0110286Z Collecting sortedcontainers<3.0.0,>=2.1.0 (from hypothesis>=6.112.0->cns==0.0.1)
2025-12-24T15:22:09.0194641Z   Downloading sortedcontainers-2.4.0-py2.py3-none-any.whl.metadata (10 kB)
2025-12-24T15:22:09.1273857Z Collecting librt>=0.6.2 (from mypy>=1.10.0->cns==0.0.1)
2025-12-24T15:22:09.1379902Z   Downloading librt-0.7.4-cp310-cp310-manylinux2014_x86_64.manylinux_2_17_x86_64.manylinux_2_28_x86_64.whl.metadata (1.3 kB)
2025-12-24T15:22:09.3775616Z Collecting numpy (from pgvector>=0.2.5->cns==0.0.1)
2025-12-24T15:22:09.3852252Z   Downloading numpy-2.2.6-cp310-cp310-manylinux_2_17_x86_64.manylinux2014_x86_64.whl.metadata (62 kB)
2025-12-24T15:22:09.6465280Z Collecting psycopg-binary==3.3.2 (from psycopg[binary]>=3.1->cns==0.0.1)
2025-12-24T15:22:09.6558207Z   Downloading psycopg_binary-3.3.2-cp310-cp310-manylinux2014_x86_64.manylinux_2_17_x86_64.whl.metadata (2.7 kB)
2025-12-24T15:22:09.6744614Z Collecting iniconfig>=1.0.1 (from pytest>=8.2.0->cns==0.0.1)
2025-12-24T15:22:09.6818722Z   Downloading iniconfig-2.3.0-py3-none-any.whl.metadata (2.5 kB)
2025-12-24T15:22:09.6994715Z Collecting pluggy<2,>=1.5 (from pytest>=8.2.0->cns==0.0.1)
2025-12-24T15:22:09.7071140Z   Downloading pluggy-1.6.0-py3-none-any.whl.metadata (4.8 kB)
2025-12-24T15:22:09.7369839Z Collecting pygments>=2.7.2 (from pytest>=8.2.0->cns==0.0.1)
2025-12-24T15:22:09.7442362Z   Downloading pygments-2.19.2-py3-none-any.whl.metadata (2.5 kB)
2025-12-24T15:22:10.2613795Z Collecting coverage>=7.10.6 (from coverage[toml]>=7.10.6->pytest-cov>=5.0.0->cns==0.0.1)
2025-12-24T15:22:10.2693780Z   Downloading coverage-7.13.0-cp310-cp310-manylinux1_x86_64.manylinux_2_28_x86_64.manylinux_2_5_x86_64.whl.metadata (8.5 kB)
2025-12-24T15:22:10.3076273Z Collecting six>=1.5 (from python-dateutil>=2.9.0->cns==0.0.1)
2025-12-24T15:22:10.3147085Z   Downloading six-1.17.0-py2.py3-none-any.whl.metadata (1.7 kB)
2025-12-24T15:22:10.3447140Z Collecting docker (from testcontainers>=4.9.0->testcontainers[postgres]>=4.9.0; extra == "dev"->cns==0.0.1)
2025-12-24T15:22:10.3519873Z   Downloading docker-7.1.0-py3-none-any.whl.metadata (3.8 kB)
2025-12-24T15:22:10.3770348Z Collecting python-dotenv (from testcontainers>=4.9.0->testcontainers[postgres]>=4.9.0; extra == "dev"->cns==0.0.1)
2025-12-24T15:22:10.3842851Z   Downloading python_dotenv-1.2.1-py3-none-any.whl.metadata (25 kB)
2025-12-24T15:22:10.4233019Z Collecting urllib3 (from testcontainers>=4.9.0->testcontainers[postgres]>=4.9.0; extra == "dev"->cns==0.0.1)
2025-12-24T15:22:10.4306368Z   Downloading urllib3-2.6.2-py3-none-any.whl.metadata (6.6 kB)
2025-12-24T15:22:10.6074783Z Collecting wrapt (from testcontainers>=4.9.0->testcontainers[postgres]>=4.9.0; extra == "dev"->cns==0.0.1)
2025-12-24T15:22:10.6154693Z   Downloading wrapt-2.0.1-cp310-cp310-manylinux1_x86_64.manylinux_2_28_x86_64.manylinux_2_5_x86_64.whl.metadata (9.0 kB)
2025-12-24T15:22:10.6590622Z Collecting requests>=2.26.0 (from docker->testcontainers>=4.9.0->testcontainers[postgres]>=4.9.0; extra == "dev"->cns==0.0.1)
2025-12-24T15:22:10.6665635Z   Downloading requests-2.32.5-py3-none-any.whl.metadata (4.9 kB)
2025-12-24T15:22:10.7848532Z Collecting charset_normalizer<4,>=2 (from requests>=2.26.0->docker->testcontainers>=4.9.0->testcontainers[postgres]>=4.9.0; extra == "dev"->cns==0.0.1)
2025-12-24T15:22:10.7927622Z   Downloading charset_normalizer-3.4.4-cp310-cp310-manylinux2014_x86_64.manylinux_2_17_x86_64.manylinux_2_28_x86_64.whl.metadata (37 kB)
2025-12-24T15:22:10.8189506Z Collecting idna<4,>=2.5 (from requests>=2.26.0->docker->testcontainers>=4.9.0->testcontainers[postgres]>=4.9.0; extra == "dev"->cns==0.0.1)
2025-12-24T15:22:10.8270468Z   Downloading idna-3.11-py3-none-any.whl.metadata (8.4 kB)
2025-12-24T15:22:10.8687068Z Collecting certifi>=2017.4.17 (from requests>=2.26.0->docker->testcontainers>=4.9.0->testcontainers[postgres]>=4.9.0; extra == "dev"->cns==0.0.1)
2025-12-24T15:22:10.8764172Z   Downloading certifi-2025.11.12-py3-none-any.whl.metadata (2.5 kB)
2025-12-24T15:22:10.8982536Z Downloading black-25.12.0-cp310-cp310-manylinux2014_x86_64.manylinux_2_17_x86_64.manylinux_2_28_x86_64.whl (1.8 MB)
2025-12-24T15:22:11.0296173Z    â”â”â”â”â”â”â”â”â”â”â”â”â”â”â”â”â”â”â”â”â”â”â”â”â”â”â”â”â”â”â”â”â”â”â”â”â”â”â”â” 1.8/1.8 MB 15.0 MB/s  0:00:00
2025-12-24T15:22:11.0372090Z Downloading click-8.3.1-py3-none-any.whl (108 kB)
2025-12-24T15:22:11.0496900Z Downloading hypothesis-6.148.8-py3-none-any.whl (538 kB)
2025-12-24T15:22:11.0779432Z    â”â”â”â”â”â”â”â”â”â”â”â”â”â”â”â”â”â”â”â”â”â”â”â”â”â”â”â”â”â”â”â”â”â”â”â”â”â”â”â” 538.3/538.3 kB 20.7 MB/s  0:00:00
2025-12-24T15:22:11.0855177Z Downloading sortedcontainers-2.4.0-py2.py3-none-any.whl (29 kB)
2025-12-24T15:22:11.0949320Z Downloading exceptiongroup-1.3.1-py3-none-any.whl (16 kB)
2025-12-24T15:22:11.1046881Z Downloading mypy-1.19.1-cp310-cp310-manylinux2014_x86_64.manylinux_2_17_x86_64.manylinux_2_28_x86_64.whl (13.5 MB)
2025-12-24T15:22:11.3165353Z    â”â”â”â”â”â”â”â”â”â”â”â”â”â”â”â”â”â”â”â”â”â”â”â”â”â”â”â”â”â”â”â”â”â”â”â”â”â”â”â” 13.5/13.5 MB 65.7 MB/s  0:00:00
2025-12-24T15:22:11.3242310Z Downloading librt-0.7.4-cp310-cp310-manylinux2014_x86_64.manylinux_2_17_x86_64.manylinux_2_28_x86_64.whl (183 kB)
2025-12-24T15:22:11.3344135Z Downloading mypy_extensions-1.1.0-py3-none-any.whl (5.0 kB)
2025-12-24T15:22:11.3436229Z Downloading packaging-25.0-py3-none-any.whl (66 kB)
2025-12-24T15:22:11.3531641Z Downloading pathspec-0.12.1-py3-none-any.whl (31 kB)
2025-12-24T15:22:11.3623754Z Downloading pgvector-0.4.2-py3-none-any.whl (27 kB)
2025-12-24T15:22:11.3715006Z Downloading platformdirs-4.5.1-py3-none-any.whl (18 kB)
2025-12-24T15:22:11.3803763Z Downloading psycopg-3.3.2-py3-none-any.whl (212 kB)
2025-12-24T15:22:11.3949247Z Downloading psycopg_binary-3.3.2-cp310-cp310-manylinux2014_x86_64.manylinux_2_17_x86_64.whl (5.2 MB)
2025-12-24T15:22:11.4357181Z    â”â”â”â”â”â”â”â”â”â”â”â”â”â”â”â”â”â”â”â”â”â”â”â”â”â”â”â”â”â”â”â”â”â”â”â”â”â”â”â” 5.2/5.2 MB 129.4 MB/s  0:00:00
2025-12-24T15:22:11.4433779Z Downloading pytest-9.0.2-py3-none-any.whl (374 kB)
2025-12-24T15:22:11.4541916Z Downloading pluggy-1.6.0-py3-none-any.whl (20 kB)
2025-12-24T15:22:11.4635983Z Downloading iniconfig-2.3.0-py3-none-any.whl (7.5 kB)
2025-12-24T15:22:11.4726747Z Downloading pygments-2.19.2-py3-none-any.whl (1.2 MB)
2025-12-24T15:22:11.4842833Z    â”â”â”â”â”â”â”â”â”â”â”â”â”â”â”â”â”â”â”â”â”â”â”â”â”â”â”â”â”â”â”â”â”â”â”â”â”â”â”â” 1.2/1.2 MB 109.0 MB/s  0:00:00
2025-12-24T15:22:11.4914349Z Downloading pytest_cov-7.0.0-py3-none-any.whl (22 kB)
2025-12-24T15:22:11.5009130Z Downloading coverage-7.13.0-cp310-cp310-manylinux1_x86_64.manylinux_2_28_x86_64.manylinux_2_5_x86_64.whl (247 kB)
2025-12-24T15:22:11.5132698Z Downloading python_dateutil-2.9.0.post0-py2.py3-none-any.whl (229 kB)
2025-12-24T15:22:11.5232074Z Downloading pytokens-0.3.0-py3-none-any.whl (12 kB)
2025-12-24T15:22:11.5322657Z Downloading ruff-0.14.10-py3-none-manylinux_2_17_x86_64.manylinux2014_x86_64.whl (14.2 MB)
2025-12-24T15:22:11.6094543Z    â”â”â”â”â”â”â”â”â”â”â”â”â”â”â”â”â”â”â”â”â”â”â”â”â”â”â”â”â”â”â”â”â”â”â”â”â”â”â”â” 14.2/14.2 MB 189.2 MB/s  0:00:00
2025-12-24T15:22:11.6172608Z Downloading six-1.17.0-py2.py3-none-any.whl (11 kB)
2025-12-24T15:22:11.6268117Z Downloading testcontainers-4.13.3-py3-none-any.whl (124 kB)
2025-12-24T15:22:11.6369502Z Downloading tomli-2.3.0-py3-none-any.whl (14 kB)
2025-12-24T15:22:11.6463036Z Downloading types_python_dateutil-2.9.0.20251115-py3-none-any.whl (18 kB)
2025-12-24T15:22:11.6559159Z Downloading typing_extensions-4.15.0-py3-none-any.whl (44 kB)
2025-12-24T15:22:11.6652515Z Downloading docker-7.1.0-py3-none-any.whl (147 kB)
2025-12-24T15:22:11.6754965Z Downloading requests-2.32.5-py3-none-any.whl (64 kB)
2025-12-24T15:22:11.6853165Z Downloading charset_normalizer-3.4.4-cp310-cp310-manylinux2014_x86_64.manylinux_2_17_x86_64.manylinux_2_28_x86_64.whl (153 kB)
2025-12-24T15:22:11.6948535Z Downloading idna-3.11-py3-none-any.whl (71 kB)
2025-12-24T15:22:11.7041875Z Downloading urllib3-2.6.2-py3-none-any.whl (131 kB)
2025-12-24T15:22:11.7141686Z Downloading certifi-2025.11.12-py3-none-any.whl (159 kB)
2025-12-24T15:22:11.7253788Z Downloading numpy-2.2.6-cp310-cp310-manylinux_2_17_x86_64.manylinux2014_x86_64.whl (16.8 MB)
2025-12-24T15:22:11.8023914Z    â”â”â”â”â”â”â”â”â”â”â”â”â”â”â”â”â”â”â”â”â”â”â”â”â”â”â”â”â”â”â”â”â”â”â”â”â”â”â”â” 16.8/16.8 MB 224.1 MB/s  0:00:00
2025-12-24T15:22:11.8101863Z Downloading python_dotenv-1.2.1-py3-none-any.whl (21 kB)
2025-12-24T15:22:11.8194878Z Downloading wrapt-2.0.1-cp310-cp310-manylinux1_x86_64.manylinux_2_28_x86_64.manylinux_2_5_x86_64.whl (113 kB)
2025-12-24T15:22:11.9055170Z Building wheels for collected packages: cns
2025-12-24T15:22:11.9065302Z   Building wheel for cns (pyproject.toml): started
2025-12-24T15:22:12.1061877Z   Building wheel for cns (pyproject.toml): finished with status 'done'
2025-12-24T15:22:12.1068339Z   Created wheel for cns: filename=cns-0.0.1-py3-none-any.whl size=3839 sha256=13ce34e6b155cef8a14cf1b11b1a5368c4ea2dc2e4583e4fc65aac7d79ff04a2
2025-12-24T15:22:12.1070782Z   Stored in directory: /tmp/pip-ephem-wheel-cache-tpzubll0/wheels/ba/e3/49/2249de6b98bebacc8d464a4259df84d603c95bd37bd816691b
2025-12-24T15:22:12.1086056Z Successfully built cns
2025-12-24T15:22:12.2414859Z Installing collected packages: sortedcontainers, wrapt, urllib3, typing-extensions, types-python-dateutil, tomli, six, ruff, pytokens, python-dotenv, pygments, psycopg-binary, pluggy, platformdirs, pathspec, packaging, numpy, mypy-extensions, librt, iniconfig, idna, coverage, click, charset_normalizer, certifi, requests, python-dateutil, psycopg, pgvector, mypy, exceptiongroup, black, pytest, hypothesis, docker, testcontainers, pytest-cov, cns
2025-12-24T15:22:17.7030835Z 
2025-12-24T15:22:17.7099230Z Successfully installed black-25.12.0 certifi-2025.11.12 charset_normalizer-3.4.4 click-8.3.1 cns-0.0.1 coverage-7.13.0 docker-7.1.0 exceptiongroup-1.3.1 hypothesis-6.148.8 idna-3.11 iniconfig-2.3.0 librt-0.7.4 mypy-1.19.1 mypy-extensions-1.1.0 numpy-2.2.6 packaging-25.0 pathspec-0.12.1 pgvector-0.4.2 platformdirs-4.5.1 pluggy-1.6.0 psycopg-3.3.2 psycopg-binary-3.3.2 pygments-2.19.2 pytest-9.0.2 pytest-cov-7.0.0 python-dateutil-2.9.0.post0 python-dotenv-1.2.1 pytokens-0.3.0 requests-2.32.5 ruff-0.14.10 six-1.17.0 sortedcontainers-2.4.0 testcontainers-4.13.3 tomli-2.3.0 types-python-dateutil-2.9.0.20251115 typing-extensions-4.15.0 urllib3-2.6.2 wrapt-2.0.1
2025-12-24T15:22:18.0379459Z ##[group]Run ruff check .
2025-12-24T15:22:18.0379946Z [36;1mruff check .[0m
2025-12-24T15:22:18.0414515Z shell: /usr/bin/bash -e {0}
2025-12-24T15:22:18.0414735Z env:
2025-12-24T15:22:18.0414969Z   pythonLocation: /opt/hostedtoolcache/Python/3.10.19/x64
2025-12-24T15:22:18.0415389Z   PKG_CONFIG_PATH: /opt/hostedtoolcache/Python/3.10.19/x64/lib/pkgconfig
2025-12-24T15:22:18.0415788Z   Python_ROOT_DIR: /opt/hostedtoolcache/Python/3.10.19/x64
2025-12-24T15:22:18.0416133Z   Python2_ROOT_DIR: /opt/hostedtoolcache/Python/3.10.19/x64
2025-12-24T15:22:18.0416485Z   Python3_ROOT_DIR: /opt/hostedtoolcache/Python/3.10.19/x64
2025-12-24T15:22:18.0416830Z   LD_LIBRARY_PATH: /opt/hostedtoolcache/Python/3.10.19/x64/lib
2025-12-24T15:22:18.0417128Z ##[endgroup]
2025-12-24T15:22:18.0582990Z All checks passed!
2025-12-24T15:22:18.0646744Z ##[group]Run black --check .
2025-12-24T15:22:18.0647026Z [36;1mblack --check .[0m
2025-12-24T15:22:18.0682037Z shell: /usr/bin/bash -e {0}
2025-12-24T15:22:18.0682266Z env:
2025-12-24T15:22:18.0682509Z   pythonLocation: /opt/hostedtoolcache/Python/3.10.19/x64
2025-12-24T15:22:18.0682925Z   PKG_CONFIG_PATH: /opt/hostedtoolcache/Python/3.10.19/x64/lib/pkgconfig
2025-12-24T15:22:18.0683323Z   Python_ROOT_DIR: /opt/hostedtoolcache/Python/3.10.19/x64
2025-12-24T15:22:18.0683665Z   Python2_ROOT_DIR: /opt/hostedtoolcache/Python/3.10.19/x64
2025-12-24T15:22:18.0684038Z   Python3_ROOT_DIR: /opt/hostedtoolcache/Python/3.10.19/x64
2025-12-24T15:22:18.0684410Z   LD_LIBRARY_PATH: /opt/hostedtoolcache/Python/3.10.19/x64/lib
2025-12-24T15:22:18.0684698Z ##[endgroup]
2025-12-24T15:22:18.7580026Z All done! âœ¨ ðŸ° âœ¨
2025-12-24T15:22:18.7580421Z 46 files would be left unchanged.
2025-12-24T15:22:18.7804675Z ##[group]Run mypy cns_py
2025-12-24T15:22:18.7804923Z [36;1mmypy cns_py[0m
2025-12-24T15:22:18.7837631Z shell: /usr/bin/bash -e {0}
2025-12-24T15:22:18.7837851Z env:
2025-12-24T15:22:18.7838083Z   pythonLocation: /opt/hostedtoolcache/Python/3.10.19/x64
2025-12-24T15:22:18.7838494Z   PKG_CONFIG_PATH: /opt/hostedtoolcache/Python/3.10.19/x64/lib/pkgconfig
2025-12-24T15:22:18.7839053Z   Python_ROOT_DIR: /opt/hostedtoolcache/Python/3.10.19/x64
2025-12-24T15:22:18.7839397Z   Python2_ROOT_DIR: /opt/hostedtoolcache/Python/3.10.19/x64
2025-12-24T15:22:18.7839731Z   Python3_ROOT_DIR: /opt/hostedtoolcache/Python/3.10.19/x64
2025-12-24T15:22:18.7840063Z   LD_LIBRARY_PATH: /opt/hostedtoolcache/Python/3.10.19/x64/lib
2025-12-24T15:22:18.7840346Z ##[endgroup]
2025-12-24T15:22:21.2349724Z Success: no issues found in 16 source files
2025-12-24T15:22:21.2470171Z ##[group]Run echo "[CI: coverage]"
2025-12-24T15:22:21.2470476Z [36;1mecho "[CI: coverage]"[0m
2025-12-24T15:22:21.2470707Z [36;1mpython -m pytest -q -s \[0m
2025-12-24T15:22:21.2470944Z [36;1m  --cov=cns_py \[0m
2025-12-24T15:22:21.2471153Z [36;1m  --cov-report=xml \[0m
2025-12-24T15:22:21.2471371Z [36;1m  --cov-report=html \[0m
2025-12-24T15:22:21.2471629Z [36;1m  --cov-report=term-missing:skip-covered \[0m
2025-12-24T15:22:21.2471911Z [36;1m  --cov-fail-under=75 \[0m
2025-12-24T15:22:21.2472158Z [36;1m  --hypothesis-show-statistics \[0m
2025-12-24T15:22:21.2472434Z [36;1m  --hypothesis-seed=123456[0m
2025-12-24T15:22:21.2472905Z [36;1mecho "threshold=85; actual=$(grep -oP 'TOTAL.*?\K\d+' coverage.xml | head -1)%; report=artifacts/coverage-html/index.html"[0m
2025-12-24T15:22:21.2506056Z shell: /usr/bin/bash -e {0}
2025-12-24T15:22:21.2506275Z env:
2025-12-24T15:22:21.2506512Z   pythonLocation: /opt/hostedtoolcache/Python/3.10.19/x64
2025-12-24T15:22:21.2506935Z   PKG_CONFIG_PATH: /opt/hostedtoolcache/Python/3.10.19/x64/lib/pkgconfig
2025-12-24T15:22:21.2507323Z   Python_ROOT_DIR: /opt/hostedtoolcache/Python/3.10.19/x64
2025-12-24T15:22:21.2507675Z   Python2_ROOT_DIR: /opt/hostedtoolcache/Python/3.10.19/x64
2025-12-24T15:22:21.2508021Z   Python3_ROOT_DIR: /opt/hostedtoolcache/Python/3.10.19/x64
2025-12-24T15:22:21.2508356Z   LD_LIBRARY_PATH: /opt/hostedtoolcache/Python/3.10.19/x64/lib
2025-12-24T15:22:21.2508641Z   CNS_DB_HOST: 127.0.0.1
2025-12-24T15:22:21.2508823Z   CNS_DB_PORT: 5433
2025-12-24T15:22:21.2509703Z   CNS_DB_NAME: cns
2025-12-24T15:22:21.2509867Z   CNS_DB_USER: cns
2025-12-24T15:22:21.2510035Z   CNS_DB_PASSWORD: cns
2025-12-24T15:22:21.2510212Z   CNS_VECTOR_DIMS: 1536
2025-12-24T15:22:21.2510401Z ##[endgroup]
2025-12-24T15:22:21.2561501Z [CI: coverage]
2025-12-24T15:22:23.2009830Z Initialized schema (atoms, fibers, aspects) and pgvector extension.
2025-12-24T15:22:23.3812881Z Demo data ingested: FrameworkX -> TLS1.2 before 2025, TLS1.3 after 2025.
2025-12-24T15:22:23.5330123Z Database connection successful on attempt 1
2025-12-24T15:22:23.6905999Z ..[CQL DEBUG] Test SQL: SELECT a_src.label AS subject_label, f.predicate AS predicate, a_dst.label AS object_label, COALESCE(asp.belief, 0.0) AS base_confidence, asp.observed_at AS observed_at, asp.provenance AS provenance_json, f.id AS fiber_id FROM fibers f JOIN atoms a_src ON a_src.id = f.src JOIN atoms a_dst ON a_dst.id = f.dst LEFT JOIN aspects asp ON asp.subject_kind='fiber' AND asp.subject_id=f.id WHERE a_src.label = %(label)s AND f.predicate = %(predicate)s
2025-12-24T15:22:23.6908759Z [CQL DEBUG] Test params: {'label': 'FrameworkX', 'predicate': 'supports_tls'}
2025-12-24T15:22:23.6909601Z [CQL DEBUG] Without temporal filter: 2 rows
2025-12-24T15:22:23.6911408Z   Row: ('FrameworkX', 'supports_tls', 'TLS1.2', 0.95, datetime.datetime(2025, 12, 24, 15, 22, 23, 379282, tzinfo=zoneinfo.ZoneInfo(key='Etc/UTC')), {'uri': 'https://example.org/demo/tls-policy', 'hash': 'demo-sha256-placeholder', 'line_span': None, 'source_id': 'demo_seed:fiber:1', 'fetched_at': '2025-12-24T15:22:23.379104+00:00'}, 1)
2025-12-24T15:22:23.6914313Z   Row: ('FrameworkX', 'supports_tls', 'TLS1.3', 0.98, datetime.datetime(2025, 12, 24, 15, 22, 23, 380617, tzinfo=zoneinfo.ZoneInfo(key='Etc/UTC')), {'uri': 'https://example.org/demo/tls-policy', 'hash': 'demo-sha256-placeholder', 'line_span': None, 'source_id': 'demo_seed:fiber:2', 'fetched_at': '2025-12-24T15:22:23.380492+00:00'}, 2)
2025-12-24T15:22:23.6918514Z [CQL DEBUG] SQL: SELECT a_src.label AS subject_label, f.predicate AS predicate, a_dst.label AS object_label, COALESCE(asp.belief, 0.0) AS base_confidence, asp.observed_at AS observed_at, asp.provenance AS provenance_json, f.id AS fiber_id FROM fibers f JOIN atoms a_src ON a_src.id = f.src JOIN atoms a_dst ON a_dst.id = f.dst LEFT JOIN aspects asp ON asp.subject_kind='fiber' AND asp.subject_id=f.id WHERE a_src.label = %(label)s AND f.predicate = %(predicate)s AND COALESCE(asp.valid_from, '-infinity'::timestamptz) <= %(ts_from)s AND COALESCE(asp.valid_to,   'infinity'::timestamptz)  >  %(ts_to)s ORDER BY COALESCE(asp.belief, 0.0) DESC LIMIT 100
2025-12-24T15:22:23.6921072Z [CQL DEBUG] Params: {'label': 'FrameworkX', 'predicate': 'supports_tls', 'ts_from': datetime.datetime(2025, 1, 1, 0, 0, tzinfo=tzutc()), 'ts_to': datetime.datetime(2025, 1, 1, 0, 0, tzinfo=tzutc())}
2025-12-24T15:22:23.6921703Z [CQL DEBUG] Rows returned: 1
2025-12-24T15:22:24.9066952Z .F.............[CQL DEBUG] SQL: SELECT a_src.label AS subject_label, f.predicate AS predicate, a_dst.label AS object_label, COALESCE(asp.belief, 0.0) AS base_confidence, asp.observed_at AS observed_at, asp.provenance AS provenance_json, f.id AS fiber_id FROM fibers f JOIN atoms a_src ON a_src.id = f.src JOIN atoms a_dst ON a_dst.id = f.dst LEFT JOIN aspects asp ON asp.subject_kind='fiber' AND asp.subject_id=f.id WHERE a_src.label = %(label)s AND f.predicate = %(predicate)s ORDER BY COALESCE(asp.belief, 0.0) DESC LIMIT 100
2025-12-24T15:22:24.9070095Z [CQL DEBUG] Params: {'label': 'TestFrameworkY', 'predicate': 'supports_tls'}
2025-12-24T15:22:24.9070694Z [CQL DEBUG] Rows returned: 2
2025-12-24T15:22:24.9996419Z .[CQL DEBUG] SQL: SELECT a_src.label AS subject_label, f.predicate AS predicate, a_dst.label AS object_label, COALESCE(asp.belief, 0.0) AS base_confidence, asp.observed_at AS observed_at, asp.provenance AS provenance_json, f.id AS fiber_id FROM fibers f JOIN atoms a_src ON a_src.id = f.src JOIN atoms a_dst ON a_dst.id = f.dst LEFT JOIN aspects asp ON asp.subject_kind='fiber' AND asp.subject_id=f.id WHERE a_src.label = %(label)s AND f.predicate = %(predicate)s AND COALESCE(asp.valid_from, '-infinity'::timestamptz) <= %(ts_from)s AND COALESCE(asp.valid_to,   'infinity'::timestamptz)  >  %(ts_to)s ORDER BY COALESCE(asp.belief, 0.0) DESC LIMIT 100
2025-12-24T15:22:25.0001125Z [CQL DEBUG] Params: {'label': 'TestFrameworkY', 'predicate': 'supports_tls', 'ts_from': datetime.datetime(2025, 9, 25, 15, 22, 24, 990726, tzinfo=tzutc()), 'ts_to': datetime.datetime(2025, 9, 25, 15, 22, 24, 990726, tzinfo=tzutc())}
2025-12-24T15:22:25.0002376Z [CQL DEBUG] Rows returned: 0
2025-12-24T15:22:25.2004154Z ..[CQL DEBUG] SQL: SELECT a_src.label AS subject_label, f.predicate AS predicate, a_dst.label AS object_label, COALESCE(asp.belief, 0.0) AS base_confidence, asp.observed_at AS observed_at, asp.provenance AS provenance_json, f.id AS fiber_id FROM fibers f JOIN atoms a_src ON a_src.id = f.src JOIN atoms a_dst ON a_dst.id = f.dst LEFT JOIN aspects asp ON asp.subject_kind='fiber' AND asp.subject_id=f.id WHERE a_src.label = %(label)s AND f.predicate = %(predicate)s ORDER BY COALESCE(asp.belief, 0.0) DESC LIMIT 100
2025-12-24T15:22:25.2007124Z [CQL DEBUG] Params: {'label': 'TestFrameworkY', 'predicate': 'supports_tls'}
2025-12-24T15:22:25.2007780Z [CQL DEBUG] Rows returned: 2
2025-12-24T15:22:25.3822643Z ..[CQL DEBUG] Test SQL: SELECT a_src.label AS subject_label, f.predicate AS predicate, a_dst.label AS object_label, COALESCE(asp.belief, 0.0) AS base_confidence, asp.observed_at AS observed_at, asp.provenance AS provenance_json, f.id AS fiber_id FROM fibers f JOIN atoms a_src ON a_src.id = f.src JOIN atoms a_dst ON a_dst.id = f.dst LEFT JOIN aspects asp ON asp.subject_kind='fiber' AND asp.subject_id=f.id WHERE a_src.label = %(label)s AND f.predicate = %(predicate)s
2025-12-24T15:22:25.3824666Z [CQL DEBUG] Test params: {'label': 'FrameworkX', 'predicate': 'supports_tls'}
2025-12-24T15:22:25.3825297Z [CQL DEBUG] Without temporal filter: 2 rows
2025-12-24T15:22:25.3827134Z   Row: ('FrameworkX', 'supports_tls', 'TLS1.2', 0.95, datetime.datetime(2025, 12, 24, 15, 22, 23, 379282, tzinfo=zoneinfo.ZoneInfo(key='Etc/UTC')), {'uri': 'https://example.org/demo/tls-policy', 'hash': 'demo-sha256-placeholder', 'line_span': None, 'source_id': 'demo_seed:fiber:1', 'fetched_at': '2025-12-24T15:22:23.379104+00:00'}, 1)
2025-12-24T15:22:25.3830753Z   Row: ('FrameworkX', 'supports_tls', 'TLS1.3', 0.98, datetime.datetime(2025, 12, 24, 15, 22, 23, 380617, tzinfo=zoneinfo.ZoneInfo(key='Etc/UTC')), {'uri': 'https://example.org/demo/tls-policy', 'hash': 'demo-sha256-placeholder', 'line_span': None, 'source_id': 'demo_seed:fiber:2', 'fetched_at': '2025-12-24T15:22:23.380492+00:00'}, 2)
2025-12-24T15:22:25.3835398Z [CQL DEBUG] SQL: SELECT a_src.label AS subject_label, f.predicate AS predicate, a_dst.label AS object_label, COALESCE(asp.belief, 0.0) AS base_confidence, asp.observed_at AS observed_at, asp.provenance AS provenance_json, f.id AS fiber_id FROM fibers f JOIN atoms a_src ON a_src.id = f.src JOIN atoms a_dst ON a_dst.id = f.dst LEFT JOIN aspects asp ON asp.subject_kind='fiber' AND asp.subject_id=f.id WHERE a_src.label = %(label)s AND f.predicate = %(predicate)s AND COALESCE(asp.valid_from, '-infinity'::timestamptz) <= %(ts_from)s AND COALESCE(asp.valid_to,   'infinity'::timestamptz)  >  %(ts_to)s ORDER BY COALESCE(asp.belief, 0.0) DESC LIMIT 100
2025-12-24T15:22:25.3838103Z [CQL DEBUG] Params: {'label': 'FrameworkX', 'predicate': 'supports_tls', 'ts_from': datetime.datetime(2025, 1, 1, 0, 0, tzinfo=tzutc()), 'ts_to': datetime.datetime(2025, 1, 1, 0, 0, tzinfo=tzutc())}
2025-12-24T15:22:25.3838754Z [CQL DEBUG] Rows returned: 1
2025-12-24T15:22:25.4559582Z .[CQL DEBUG] Test SQL: SELECT a_src.label AS subject_label, f.predicate AS predicate, a_dst.label AS object_label, COALESCE(asp.belief, 0.0) AS base_confidence, asp.observed_at AS observed_at, asp.provenance AS provenance_json, f.id AS fiber_id FROM fibers f JOIN atoms a_src ON a_src.id = f.src JOIN atoms a_dst ON a_dst.id = f.dst LEFT JOIN aspects asp ON asp.subject_kind='fiber' AND asp.subject_id=f.id WHERE a_src.label = %(label)s AND f.predicate = %(predicate)s
2025-12-24T15:22:25.4561822Z [CQL DEBUG] Test params: {'label': 'FrameworkX', 'predicate': 'supports_tls'}
2025-12-24T15:22:25.4562391Z [CQL DEBUG] Without temporal filter: 2 rows
2025-12-24T15:22:25.4564368Z   Row: ('FrameworkX', 'supports_tls', 'TLS1.2', 0.95, datetime.datetime(2025, 12, 24, 15, 22, 23, 379282, tzinfo=zoneinfo.ZoneInfo(key='Etc/UTC')), {'uri': 'https://example.org/demo/tls-policy', 'hash': 'demo-sha256-placeholder', 'line_span': None, 'source_id': 'demo_seed:fiber:1', 'fetched_at': '2025-12-24T15:22:23.379104+00:00'}, 1)
2025-12-24T15:22:25.4567676Z   Row: ('FrameworkX', 'supports_tls', 'TLS1.3', 0.98, datetime.datetime(2025, 12, 24, 15, 22, 23, 380617, tzinfo=zoneinfo.ZoneInfo(key='Etc/UTC')), {'uri': 'https://example.org/demo/tls-policy', 'hash': 'demo-sha256-placeholder', 'line_span': None, 'source_id': 'demo_seed:fiber:2', 'fetched_at': '2025-12-24T15:22:23.380492+00:00'}, 2)
2025-12-24T15:22:25.4571725Z [CQL DEBUG] SQL: SELECT a_src.label AS subject_label, f.predicate AS predicate, a_dst.label AS object_label, COALESCE(asp.belief, 0.0) AS base_confidence, asp.observed_at AS observed_at, asp.provenance AS provenance_json, f.id AS fiber_id FROM fibers f JOIN atoms a_src ON a_src.id = f.src JOIN atoms a_dst ON a_dst.id = f.dst LEFT JOIN aspects asp ON asp.subject_kind='fiber' AND asp.subject_id=f.id WHERE a_src.label = %(label)s AND f.predicate = %(predicate)s AND COALESCE(asp.valid_from, '-infinity'::timestamptz) <= %(ts_from)s AND COALESCE(asp.valid_to,   'infinity'::timestamptz)  >  %(ts_to)s AND COALESCE(asp.belief, 0.0) >= %(belief_ge)s ORDER BY COALESCE(asp.belief, 0.0) DESC LIMIT 100
2025-12-24T15:22:25.4574722Z [CQL DEBUG] Params: {'label': 'FrameworkX', 'predicate': 'supports_tls', 'ts_from': datetime.datetime(2025, 1, 1, 0, 0, tzinfo=tzutc()), 'ts_to': datetime.datetime(2025, 1, 1, 0, 0, tzinfo=tzutc()), 'belief_ge': 0.97}
2025-12-24T15:22:25.4575420Z [CQL DEBUG] Rows returned: 1
2025-12-24T15:22:25.5291932Z .[CQL DEBUG] Test SQL: SELECT a_src.label AS subject_label, f.predicate AS predicate, a_dst.label AS object_label, COALESCE(asp.belief, 0.0) AS base_confidence, asp.observed_at AS observed_at, asp.provenance AS provenance_json, f.id AS fiber_id FROM fibers f JOIN atoms a_src ON a_src.id = f.src JOIN atoms a_dst ON a_dst.id = f.dst LEFT JOIN aspects asp ON asp.subject_kind='fiber' AND asp.subject_id=f.id WHERE a_src.label = %(label)s AND f.predicate = %(predicate)s
2025-12-24T15:22:25.5294921Z [CQL DEBUG] Test params: {'label': 'FrameworkX', 'predicate': 'supports_tls'}
2025-12-24T15:22:25.5295582Z [CQL DEBUG] Without temporal filter: 2 rows
2025-12-24T15:22:25.5297357Z   Row: ('FrameworkX', 'supports_tls', 'TLS1.2', 0.95, datetime.datetime(2025, 12, 24, 15, 22, 23, 379282, tzinfo=zoneinfo.ZoneInfo(key='Etc/UTC')), {'uri': 'https://example.org/demo/tls-policy', 'hash': 'demo-sha256-placeholder', 'line_span': None, 'source_id': 'demo_seed:fiber:1', 'fetched_at': '2025-12-24T15:22:23.379104+00:00'}, 1)
2025-12-24T15:22:25.5300516Z   Row: ('FrameworkX', 'supports_tls', 'TLS1.3', 0.98, datetime.datetime(2025, 12, 24, 15, 22, 23, 380617, tzinfo=zoneinfo.ZoneInfo(key='Etc/UTC')), {'uri': 'https://example.org/demo/tls-policy', 'hash': 'demo-sha256-placeholder', 'line_span': None, 'source_id': 'demo_seed:fiber:2', 'fetched_at': '2025-12-24T15:22:23.380492+00:00'}, 2)
2025-12-24T15:22:25.5304700Z [CQL DEBUG] SQL: SELECT a_src.label AS subject_label, f.predicate AS predicate, a_dst.label AS object_label, COALESCE(asp.belief, 0.0) AS base_confidence, asp.observed_at AS observed_at, asp.provenance AS provenance_json, f.id AS fiber_id FROM fibers f JOIN atoms a_src ON a_src.id = f.src JOIN atoms a_dst ON a_dst.id = f.dst LEFT JOIN aspects asp ON asp.subject_kind='fiber' AND asp.subject_id=f.id WHERE a_src.label = %(label)s AND f.predicate = %(predicate)s AND COALESCE(asp.valid_from, '-infinity'::timestamptz) <= %(ts_from)s AND COALESCE(asp.valid_to,   'infinity'::timestamptz)  >  %(ts_to)s AND COALESCE(asp.belief, 0.0) >= %(belief_ge)s ORDER BY COALESCE(asp.belief, 0.0) DESC LIMIT 100
2025-12-24T15:22:25.5307615Z [CQL DEBUG] Params: {'label': 'FrameworkX', 'predicate': 'supports_tls', 'ts_from': datetime.datetime(2025, 1, 1, 0, 0, tzinfo=tzutc()), 'ts_to': datetime.datetime(2025, 1, 1, 0, 0, tzinfo=tzutc()), 'belief_ge': 0.9999}
2025-12-24T15:22:25.5308325Z [CQL DEBUG] Rows returned: 0
2025-12-24T15:22:25.6040065Z .[CQL DEBUG] Test SQL: SELECT a_src.label AS subject_label, f.predicate AS predicate, a_dst.label AS object_label, COALESCE(asp.belief, 0.0) AS base_confidence, asp.observed_at AS observed_at, asp.provenance AS provenance_json, f.id AS fiber_id FROM fibers f JOIN atoms a_src ON a_src.id = f.src JOIN atoms a_dst ON a_dst.id = f.dst LEFT JOIN aspects asp ON asp.subject_kind='fiber' AND asp.subject_id=f.id WHERE a_src.label = %(label)s AND f.predicate = %(predicate)s
2025-12-24T15:22:25.6042430Z [CQL DEBUG] Test params: {'label': 'FrameworkX', 'predicate': 'supports_tls'}
2025-12-24T15:22:25.6043122Z [CQL DEBUG] Without temporal filter: 2 rows
2025-12-24T15:22:25.6044987Z   Row: ('FrameworkX', 'supports_tls', 'TLS1.2', 0.95, datetime.datetime(2025, 12, 24, 15, 22, 23, 379282, tzinfo=zoneinfo.ZoneInfo(key='Etc/UTC')), {'uri': 'https://example.org/demo/tls-policy', 'hash': 'demo-sha256-placeholder', 'line_span': None, 'source_id': 'demo_seed:fiber:1', 'fetched_at': '2025-12-24T15:22:23.379104+00:00'}, 1)
2025-12-24T15:22:25.6047142Z   Row: ('FrameworkX', 'supports_tls', 'TLS1.3', 0.98, datetime.datetime(2025, 12, 24, 15, 22, 23, 380617, tzinfo=zoneinfo.ZoneInfo(key='Etc/UTC')), {'uri': 'https://example.org/demo/tls-policy', 'hash': 'demo-sha256-placeholder', 'line_span': None, 'source_id': 'demo_seed:fiber:2', 'fetched_at': '2025-12-24T15:22:23.380492+00:00'}, 2)
2025-12-24T15:22:25.6051793Z [CQL DEBUG] SQL: SELECT a_src.label AS subject_label, f.predicate AS predicate, a_dst.label AS object_label, COALESCE(asp.belief, 0.0) AS base_confidence, asp.observed_at AS observed_at, asp.provenance AS provenance_json, f.id AS fiber_id FROM fibers f JOIN atoms a_src ON a_src.id = f.src JOIN atoms a_dst ON a_dst.id = f.dst LEFT JOIN aspects asp ON asp.subject_kind='fiber' AND asp.subject_id=f.id WHERE a_src.label = %(label)s AND f.predicate = %(predicate)s AND COALESCE(asp.valid_from, '-infinity'::timestamptz) <= %(ts_from)s AND COALESCE(asp.valid_to,   'infinity'::timestamptz)  >  %(ts_to)s ORDER BY COALESCE(asp.belief, 0.0) DESC LIMIT 100
2025-12-24T15:22:25.6056275Z [CQL DEBUG] Params: {'label': 'FrameworkX', 'predicate': 'supports_tls', 'ts_from': datetime.datetime(2024, 12, 31, 12, 0, tzinfo=tzutc()), 'ts_to': datetime.datetime(2024, 12, 31, 12, 0, tzinfo=tzutc())}
2025-12-24T15:22:25.6057459Z [CQL DEBUG] Rows returned: 1
2025-12-24T15:22:25.9528397Z .....[CQL DEBUG] Test SQL: SELECT a_src.label AS subject_label, f.predicate AS predicate, a_dst.label AS object_label, COALESCE(asp.belief, 0.0) AS base_confidence, asp.observed_at AS observed_at, asp.provenance AS provenance_json, f.id AS fiber_id FROM fibers f JOIN atoms a_src ON a_src.id = f.src JOIN atoms a_dst ON a_dst.id = f.dst LEFT JOIN aspects asp ON asp.subject_kind='fiber' AND asp.subject_id=f.id WHERE a_src.label = %(label)s AND f.predicate = %(predicate)s
2025-12-24T15:22:25.9531394Z [CQL DEBUG] Test params: {'label': 'FrameworkX', 'predicate': 'supports_tls'}
2025-12-24T15:22:25.9532085Z [CQL DEBUG] Without temporal filter: 2 rows
2025-12-24T15:22:25.9533841Z   Row: ('FrameworkX', 'supports_tls', 'TLS1.2', 0.95, datetime.datetime(2025, 12, 24, 15, 22, 23, 379282, tzinfo=zoneinfo.ZoneInfo(key='Etc/UTC')), {'uri': 'https://example.org/demo/tls-policy', 'hash': 'demo-sha256-placeholder', 'line_span': None, 'source_id': 'demo_seed:fiber:1', 'fetched_at': '2025-12-24T15:22:23.379104+00:00'}, 1)
2025-12-24T15:22:25.9536665Z   Row: ('FrameworkX', 'supports_tls', 'TLS1.3', 0.98, datetime.datetime(2025, 12, 24, 15, 22, 23, 380617, tzinfo=zoneinfo.ZoneInfo(key='Etc/UTC')), {'uri': 'https://example.org/demo/tls-policy', 'hash': 'demo-sha256-placeholder', 'line_span': None, 'source_id': 'demo_seed:fiber:2', 'fetched_at': '2025-12-24T15:22:23.380492+00:00'}, 2)
2025-12-24T15:22:25.9540509Z [CQL DEBUG] SQL: SELECT a_src.label AS subject_label, f.predicate AS predicate, a_dst.label AS object_label, COALESCE(asp.belief, 0.0) AS base_confidence, asp.observed_at AS observed_at, asp.provenance AS provenance_json, f.id AS fiber_id FROM fibers f JOIN atoms a_src ON a_src.id = f.src JOIN atoms a_dst ON a_dst.id = f.dst LEFT JOIN aspects asp ON asp.subject_kind='fiber' AND asp.subject_id=f.id WHERE a_src.label = %(label)s AND f.predicate = %(predicate)s AND COALESCE(asp.valid_from, '-infinity'::timestamptz) <= %(ts_from)s AND COALESCE(asp.valid_to,   'infinity'::timestamptz)  >  %(ts_to)s ORDER BY COALESCE(asp.belief, 0.0) DESC LIMIT 100
2025-12-24T15:22:25.9543283Z [CQL DEBUG] Params: {'label': 'FrameworkX', 'predicate': 'supports_tls', 'ts_from': datetime.datetime(2025, 1, 1, 0, 0, tzinfo=tzutc()), 'ts_to': datetime.datetime(2025, 1, 1, 0, 0, tzinfo=tzutc())}
2025-12-24T15:22:25.9543940Z [CQL DEBUG] Rows returned: 1
2025-12-24T15:22:26.0258559Z .[CQL DEBUG] Test SQL: SELECT a_src.label AS subject_label, f.predicate AS predicate, a_dst.label AS object_label, COALESCE(asp.belief, 0.0) AS base_confidence, asp.observed_at AS observed_at, asp.provenance AS provenance_json, f.id AS fiber_id FROM fibers f JOIN atoms a_src ON a_src.id = f.src JOIN atoms a_dst ON a_dst.id = f.dst LEFT JOIN aspects asp ON asp.subject_kind='fiber' AND asp.subject_id=f.id WHERE a_src.label = %(label)s AND f.predicate = %(predicate)s
2025-12-24T15:22:26.0261561Z [CQL DEBUG] Test params: {'label': 'FrameworkX', 'predicate': 'supports_tls'}
2025-12-24T15:22:26.0262195Z [CQL DEBUG] Without temporal filter: 2 rows
2025-12-24T15:22:26.0264035Z   Row: ('FrameworkX', 'supports_tls', 'TLS1.2', 0.95, datetime.datetime(2025, 12, 24, 15, 22, 23, 379282, tzinfo=zoneinfo.ZoneInfo(key='Etc/UTC')), {'uri': 'https://example.org/demo/tls-policy', 'hash': 'demo-sha256-placeholder', 'line_span': None, 'source_id': 'demo_seed:fiber:1', 'fetched_at': '2025-12-24T15:22:23.379104+00:00'}, 1)
2025-12-24T15:22:26.0267117Z   Row: ('FrameworkX', 'supports_tls', 'TLS1.3', 0.98, datetime.datetime(2025, 12, 24, 15, 22, 23, 380617, tzinfo=zoneinfo.ZoneInfo(key='Etc/UTC')), {'uri': 'https://example.org/demo/tls-policy', 'hash': 'demo-sha256-placeholder', 'line_span': None, 'source_id': 'demo_seed:fiber:2', 'fetched_at': '2025-12-24T15:22:23.380492+00:00'}, 2)
2025-12-24T15:22:26.0271890Z [CQL DEBUG] SQL: SELECT a_src.label AS subject_label, f.predicate AS predicate, a_dst.label AS object_label, COALESCE(asp.belief, 0.0) AS base_confidence, asp.observed_at AS observed_at, asp.provenance AS provenance_json, f.id AS fiber_id FROM fibers f JOIN atoms a_src ON a_src.id = f.src JOIN atoms a_dst ON a_dst.id = f.dst LEFT JOIN aspects asp ON asp.subject_kind='fiber' AND asp.subject_id=f.id WHERE a_src.label = %(label)s AND f.predicate = %(predicate)s AND COALESCE(asp.valid_from, '-infinity'::timestamptz) <= %(ts_from)s AND COALESCE(asp.valid_to,   'infinity'::timestamptz)  >  %(ts_to)s AND COALESCE(asp.belief, 0.0) >= %(belief_ge)s ORDER BY COALESCE(asp.belief, 0.0) DESC LIMIT 100
2025-12-24T15:22:26.0274358Z [CQL DEBUG] Params: {'label': 'FrameworkX', 'predicate': 'supports_tls', 'ts_from': datetime.datetime(2025, 1, 1, 0, 0, tzinfo=tzutc()), 'ts_to': datetime.datetime(2025, 1, 1, 0, 0, tzinfo=tzutc()), 'belief_ge': 0.99}
2025-12-24T15:22:26.0275042Z [CQL DEBUG] Rows returned: 0
2025-12-24T15:22:26.1314552Z .[CQL DEBUG] Test SQL: SELECT a_src.label AS subject_label, f.predicate AS predicate, a_dst.label AS object_label, COALESCE(asp.belief, 0.0) AS base_confidence, asp.observed_at AS observed_at, asp.provenance AS provenance_json, f.id AS fiber_id FROM fibers f JOIN atoms a_src ON a_src.id = f.src JOIN atoms a_dst ON a_dst.id = f.dst LEFT JOIN aspects asp ON asp.subject_kind='fiber' AND asp.subject_id=f.id WHERE a_src.label = %(label)s AND f.predicate = %(predicate)s
2025-12-24T15:22:26.1318626Z [CQL DEBUG] Test params: {'label': 'FrameworkX', 'predicate': 'supports_tls'}
2025-12-24T15:22:26.1319698Z [CQL DEBUG] Without temporal filter: 2 rows
2025-12-24T15:22:26.1323124Z   Row: ('FrameworkX', 'supports_tls', 'TLS1.2', 0.95, datetime.datetime(2025, 12, 24, 15, 22, 23, 379282, tzinfo=zoneinfo.ZoneInfo(key='Etc/UTC')), {'uri': 'https://example.org/demo/tls-policy', 'hash': 'demo-sha256-placeholder', 'line_span': None, 'source_id': 'demo_seed:fiber:1', 'fetched_at': '2025-12-24T15:22:23.379104+00:00'}, 1)
2025-12-24T15:22:26.1326004Z   Row: ('FrameworkX', 'supports_tls', 'TLS1.3', 0.98, datetime.datetime(2025, 12, 24, 15, 22, 23, 380617, tzinfo=zoneinfo.ZoneInfo(key='Etc/UTC')), {'uri': 'https://example.org/demo/tls-policy', 'hash': 'demo-sha256-placeholder', 'line_span': None, 'source_id': 'demo_seed:fiber:2', 'fetched_at': '2025-12-24T15:22:23.380492+00:00'}, 2)
2025-12-24T15:22:26.1330632Z [CQL DEBUG] SQL: SELECT a_src.label AS subject_label, f.predicate AS predicate, a_dst.label AS object_label, COALESCE(asp.belief, 0.0) AS base_confidence, asp.observed_at AS observed_at, asp.provenance AS provenance_json, f.id AS fiber_id FROM fibers f JOIN atoms a_src ON a_src.id = f.src JOIN atoms a_dst ON a_dst.id = f.dst LEFT JOIN aspects asp ON asp.subject_kind='fiber' AND asp.subject_id=f.id WHERE a_src.label = %(label)s AND f.predicate = %(predicate)s AND COALESCE(asp.valid_from, '-infinity'::timestamptz) <= %(ts_from)s AND COALESCE(asp.valid_to,   'infinity'::timestamptz)  >  %(ts_to)s ORDER BY COALESCE(asp.belief, 0.0) DESC LIMIT 100
2025-12-24T15:22:26.1335616Z [CQL DEBUG] Params: {'label': 'FrameworkX', 'predicate': 'supports_tls', 'ts_from': datetime.datetime(2025, 1, 1, 0, 0, tzinfo=tzutc()), 'ts_to': datetime.datetime(2025, 1, 1, 0, 0, tzinfo=tzutc())}
2025-12-24T15:22:26.1336718Z [CQL DEBUG] Rows returned: 1
2025-12-24T15:22:26.2145415Z .[CQL DEBUG] SQL: SELECT a_src.label AS subject_label, f.predicate AS predicate, a_dst.label AS object_label, COALESCE(asp.belief, 0.0) AS base_confidence, asp.observed_at AS observed_at, asp.provenance AS provenance_json, f.id AS fiber_id FROM fibers f JOIN atoms a_src ON a_src.id = f.src JOIN atoms a_dst ON a_dst.id = f.dst LEFT JOIN aspects asp ON asp.subject_kind='fiber' AND asp.subject_id=f.id WHERE a_src.label = %(label)s AND f.predicate = %(predicate)s ORDER BY COALESCE(asp.belief, 0.0) DESC LIMIT 100
2025-12-24T15:22:26.2148338Z [CQL DEBUG] Params: {'label': 'TestProvSubject', 'predicate': 'supports_tls'}
2025-12-24T15:22:26.2149148Z [CQL DEBUG] Rows returned: 1
2025-12-24T15:22:26.2883561Z .[CQL DEBUG] Test SQL: SELECT a_src.label AS subject_label, f.predicate AS predicate, a_dst.label AS object_label, COALESCE(asp.belief, 0.0) AS base_confidence, asp.observed_at AS observed_at, asp.provenance AS provenance_json, f.id AS fiber_id FROM fibers f JOIN atoms a_src ON a_src.id = f.src JOIN atoms a_dst ON a_dst.id = f.dst LEFT JOIN aspects asp ON asp.subject_kind='fiber' AND asp.subject_id=f.id WHERE a_src.label = %(label)s AND f.predicate = %(predicate)s
2025-12-24T15:22:26.2886302Z [CQL DEBUG] Test params: {'label': 'FrameworkX', 'predicate': 'supports_tls'}
2025-12-24T15:22:26.2886978Z [CQL DEBUG] Without temporal filter: 2 rows
2025-12-24T15:22:26.2888763Z   Row: ('FrameworkX', 'supports_tls', 'TLS1.2', 0.95, datetime.datetime(2025, 12, 24, 15, 22, 23, 379282, tzinfo=zoneinfo.ZoneInfo(key='Etc/UTC')), {'uri': 'https://example.org/demo/tls-policy', 'hash': 'demo-sha256-placeholder', 'line_span': None, 'source_id': 'demo_seed:fiber:1', 'fetched_at': '2025-12-24T15:22:23.379104+00:00'}, 1)
2025-12-24T15:22:26.2891926Z   Row: ('FrameworkX', 'supports_tls', 'TLS1.3', 0.98, datetime.datetime(2025, 12, 24, 15, 22, 23, 380617, tzinfo=zoneinfo.ZoneInfo(key='Etc/UTC')), {'uri': 'https://example.org/demo/tls-policy', 'hash': 'demo-sha256-placeholder', 'line_span': None, 'source_id': 'demo_seed:fiber:2', 'fetched_at': '2025-12-24T15:22:23.380492+00:00'}, 2)
2025-12-24T15:22:26.2895021Z [CQL DEBUG] SQL: SELECT a_src.label AS subject_label, f.predicate AS predicate, a_dst.label AS object_label, COALESCE(asp.belief, 0.0) AS base_confidence, asp.observed_at AS observed_at, asp.provenance AS provenance_json, f.id AS fiber_id FROM fibers f JOIN atoms a_src ON a_src.id = f.src JOIN atoms a_dst ON a_dst.id = f.dst LEFT JOIN aspects asp ON asp.subject_kind='fiber' AND asp.subject_id=f.id WHERE a_src.label = %(label)s AND f.predicate = %(predicate)s AND COALESCE(asp.valid_from, '-infinity'::timestamptz) <= %(ts_from)s AND COALESCE(asp.valid_to,   'infinity'::timestamptz)  >  %(ts_to)s ORDER BY COALESCE(asp.belief, 0.0) DESC LIMIT 100
2025-12-24T15:22:26.2897759Z [CQL DEBUG] Params: {'label': 'FrameworkX', 'predicate': 'supports_tls', 'ts_from': datetime.datetime(2025, 1, 1, 0, 0, tzinfo=tzutc()), 'ts_to': datetime.datetime(2025, 1, 1, 0, 0, tzinfo=tzutc())}
2025-12-24T15:22:26.2898389Z [CQL DEBUG] Rows returned: 1
2025-12-24T15:22:29.1833012Z .........................
2025-12-24T15:22:29.1833535Z =================================== FAILURES ===================================
2025-12-24T15:22:29.1834284Z _________ test_belief_config_higher_recency_weight_increases_influence _________
2025-12-24T15:22:29.1834842Z 
2025-12-24T15:22:29.1835239Z     def test_belief_config_higher_recency_weight_increases_influence():
2025-12-24T15:22:29.1835962Z         now = datetime.now(timezone.utc)
2025-12-24T15:22:29.1836526Z         old = now - timedelta(days=365)
2025-12-24T15:22:29.1837023Z     
2025-12-24T15:22:29.1837431Z         cfg_low = BeliefConfig(w_evidence=1.0, w_recency=0.1)
2025-12-24T15:22:29.1837905Z         cfg_high = BeliefConfig(w_evidence=1.0, w_recency=1.0)
2025-12-24T15:22:29.1838315Z     
2025-12-24T15:22:29.1838577Z         conf_low, d_low = compute(0.5, old, cfg_low)
2025-12-24T15:22:29.1839151Z         conf_high, d_high = compute(0.5, old, cfg_high)
2025-12-24T15:22:29.1839696Z     
2025-12-24T15:22:29.1839998Z >       assert d_low["recency"] == d_high["recency"]
2025-12-24T15:22:29.1840323Z E       assert 0.49999999999980216 == 0.49999999999961536
2025-12-24T15:22:29.1840534Z 
2025-12-24T15:22:29.1840678Z tests/test_belief_config_weights.py:18: AssertionError
2025-12-24T15:22:29.1841031Z ================================ tests coverage ================================
2025-12-24T15:22:29.1841445Z _______________ coverage: platform linux, python 3.10.19-final-0 _______________
2025-12-24T15:22:29.1841726Z 
2025-12-24T15:22:29.1841873Z Name                       Stmts   Miss  Cover   Missing
2025-12-24T15:22:29.1842181Z --------------------------------------------------------
2025-12-24T15:22:29.1842503Z cns_py/cql/belief.py          36      2    94%   23-24
2025-12-24T15:22:29.1843268Z cns_py/cql/contradict.py      68      1    99%   249
2025-12-24T15:22:29.1843616Z cns_py/cql/executor.py       124      4    97%   125-132
2025-12-24T15:22:29.1843939Z cns_py/cql/parser.py          64      1    98%   55
2025-12-24T15:22:29.1844262Z cns_py/cql/planner.py         39     39     0%   1-54
2025-12-24T15:22:29.1844579Z cns_py/demo/ingest.py         33     33     0%   1-107
2025-12-24T15:22:29.1844927Z cns_py/demo/query.py          23      8    65%   30, 34-41, 45
2025-12-24T15:22:29.1845289Z cns_py/graph.py               33      8    76%   15, 31-32, 51-62
2025-12-24T15:22:29.1845622Z cns_py/nn.py                  15      2    87%   20-21
2025-12-24T15:22:29.1845964Z cns_py/storage/db.py          44     13    70%   90-93, 97-106, 110
2025-12-24T15:22:29.1846305Z --------------------------------------------------------
2025-12-24T15:22:29.1846602Z TOTAL                        512    111    78%
2025-12-24T15:22:29.1846787Z 
2025-12-24T15:22:29.1846888Z 6 files skipped due to complete coverage.
2025-12-24T15:22:29.1847179Z Coverage HTML written to dir htmlcov
2025-12-24T15:22:29.1847453Z Coverage XML written to file coverage.xml
2025-12-24T15:22:29.1847789Z Required test coverage of 75% reached. Total coverage: 78.32%
2025-12-24T15:22:29.1848169Z ============================ Hypothesis Statistics =============================
2025-12-24T15:22:29.1848573Z tests/test_parser_property.py::test_parse_defaults:
2025-12-24T15:22:29.1848806Z 
2025-12-24T15:22:29.1849107Z   - during generate phase (0.19 seconds):
2025-12-24T15:22:29.1849448Z     - Typical runtimes: < 1ms, of which < 1ms in data generation
2025-12-24T15:22:29.1849983Z     - 100 passing examples, 0 failing examples, 0 invalid examples
2025-12-24T15:22:29.1850209Z 
2025-12-24T15:22:29.1850316Z   - Stopped because settings.max_examples=100
2025-12-24T15:22:29.1850494Z 
2025-12-24T15:22:29.1850498Z 
2025-12-24T15:22:29.1850634Z tests/test_parser_property.py::test_parse_combinations:
2025-12-24T15:22:29.1850848Z 
2025-12-24T15:22:29.1850939Z   - during generate phase (0.15 seconds):
2025-12-24T15:22:29.1851239Z     - Typical runtimes: ~ 0-1 ms, of which < 1ms in data generation
2025-12-24T15:22:29.1851600Z     - 100 passing examples, 0 failing examples, 0 invalid examples
2025-12-24T15:22:29.1851824Z 
2025-12-24T15:22:29.1851926Z   - Stopped because settings.max_examples=100
2025-12-24T15:22:29.1852101Z 
2025-12-24T15:22:29.1852105Z 
2025-12-24T15:22:29.1852257Z tests/test_parser_property.py::test_parse_timestamp_roundtrip:
2025-12-24T15:22:29.1852496Z 
2025-12-24T15:22:29.1852583Z   - during generate phase (0.16 seconds):
2025-12-24T15:22:29.1852886Z     - Typical runtimes: ~ 1ms, of which < 1ms in data generation
2025-12-24T15:22:29.1853244Z     - 100 passing examples, 0 failing examples, 0 invalid examples
2025-12-24T15:22:29.1853468Z 
2025-12-24T15:22:29.1853574Z   - Stopped because settings.max_examples=100
2025-12-24T15:22:29.1853750Z 
2025-12-24T15:22:29.1853754Z 
2025-12-24T15:22:29.1853896Z tests/test_parser_property.py::test_parse_belief_threshold:
2025-12-24T15:22:29.1854124Z 
2025-12-24T15:22:29.1854209Z   - during generate phase (0.13 seconds):
2025-12-24T15:22:29.1854504Z     - Typical runtimes: ~ 0-1 ms, of which < 1ms in data generation
2025-12-24T15:22:29.1854868Z     - 100 passing examples, 0 failing examples, 0 invalid examples
2025-12-24T15:22:29.1855092Z 
2025-12-24T15:22:29.1855197Z   - Stopped because settings.max_examples=100
2025-12-24T15:22:29.1855379Z 
2025-12-24T15:22:29.1855383Z 
2025-12-24T15:22:29.1855509Z tests/test_parser_property.py::test_parse_full_query:
2025-12-24T15:22:29.1855723Z 
2025-12-24T15:22:29.1855810Z   - during generate phase (0.23 seconds):
2025-12-24T15:22:29.1856123Z     - Typical runtimes: ~ 1-2 ms, of which ~ 0-1 ms in data generation
2025-12-24T15:22:29.1856501Z     - 100 passing examples, 0 failing examples, 0 invalid examples
2025-12-24T15:22:29.1856723Z 
2025-12-24T15:22:29.1856826Z   - Stopped because settings.max_examples=100
2025-12-24T15:22:29.1857000Z 
2025-12-24T15:22:29.1857004Z 
2025-12-24T15:22:29.1857245Z =========================== short test summary info ============================
2025-12-24T15:22:29.1857927Z FAILED tests/test_belief_config_weights.py::test_belief_config_higher_recency_weight_increases_influence - assert 0.49999999999980216 == 0.49999999999961536
2025-12-24T15:22:29.2405374Z ##[error]Process completed with exit code 1.
2025-12-24T15:22:29.3893760Z Post job cleanup.
2025-12-24T15:22:29.4815877Z [command]/usr/bin/git version
2025-12-24T15:22:29.4852070Z git version 2.52.0
2025-12-24T15:22:29.4896285Z Temporarily overriding HOME='/home/runner/work/_temp/69a720c5-de90-4d85-b95c-3d26a3cded23' before making global git config changes
2025-12-24T15:22:29.4897585Z Adding repository directory to the temporary git global config as a safe directory
2025-12-24T15:22:29.4902711Z [command]/usr/bin/git config --global --add safe.directory /home/runner/work/cns/cns
2025-12-24T15:22:29.4939262Z [command]/usr/bin/git config --local --name-only --get-regexp core\.sshCommand
2025-12-24T15:22:29.4971531Z [command]/usr/bin/git submodule foreach --recursive sh -c "git config --local --name-only --get-regexp 'core\.sshCommand' && git config --local --unset-all 'core.sshCommand' || :"
2025-12-24T15:22:29.5197670Z [command]/usr/bin/git config --local --name-only --get-regexp http\.https\:\/\/github\.com\/\.extraheader
2025-12-24T15:22:29.5217853Z http.https://github.com/.extraheader
2025-12-24T15:22:29.5230772Z [command]/usr/bin/git config --local --unset-all http.https://github.com/.extraheader
2025-12-24T15:22:29.5260056Z [command]/usr/bin/git submodule foreach --recursive sh -c "git config --local --name-only --get-regexp 'http\.https\:\/\/github\.com\/\.extraheader' && git config --local --unset-all 'http.https://github.com/.extraheader' || :"
2025-12-24T15:22:29.5479934Z [command]/usr/bin/git config --local --name-only --get-regexp ^includeIf\.gitdir:
2025-12-24T15:22:29.5510417Z [command]/usr/bin/git submodule foreach --recursive git config --local --show-origin --name-only --get-regexp remote.origin.url
2025-12-24T15:22:29.5824003Z Print service container logs: 5559a299a6ab42929245215fce35c355_pgvectorpgvectorpg15_1da24c
2025-12-24T15:22:29.5828408Z ##[command]/usr/bin/docker logs --details e7108ea544f20d0f0124bf0bf2358fbc69e2a5bec55547af0f3db2c47ce5c623
2025-12-24T15:22:29.5945000Z  The files belonging to this database system will be owned by user "postgres".
2025-12-24T15:22:29.5945799Z  This user must also own the server process.
2025-12-24T15:22:29.5946500Z  
2025-12-24T15:22:29.5947075Z  The database cluster will be initialized with locale "en_US.utf8".
2025-12-24T15:22:29.5947973Z  The default database encoding has accordingly been set to "UTF8".
2025-12-24T15:22:29.5949086Z  The default text search configuration will be set to "english".
2025-12-24T15:22:29.5949726Z  
2025-12-24T15:22:29.5963707Z  Data page checksums are disabled.
2025-12-24T15:22:29.5964078Z  
2025-12-24T15:22:29.5964677Z  fixing permissions on existing directory /var/lib/postgresql/data ... ok
2025-12-24T15:22:29.5965370Z  creating subdirectories ... ok
2025-12-24T15:22:29.5965842Z  selecting dynamic shared memory implementation ... posix
2025-12-24T15:22:29.5966393Z  selecting default max_connections ... 100
2025-12-24T15:22:29.5966879Z  selecting default shared_buffers ... 128MB
2025-12-24T15:22:29.5967305Z  selecting default time zone ... Etc/UTC
2025-12-24T15:22:29.5967716Z  creating configuration files ... ok
2025-12-24T15:22:29.5968037Z  running bootstrap script ... ok
2025-12-24T15:22:29.5968319Z  performing post-bootstrap initialization ... ok
2025-12-24T15:22:29.5968610Z  syncing data to disk ... ok
2025-12-24T15:22:29.5968814Z  
2025-12-24T15:22:29.5969162Z  
2025-12-24T15:22:29.5969369Z  Success. You can now start the database server using:
2025-12-24T15:22:29.5969644Z  
2025-12-24T15:22:29.5969862Z      pg_ctl -D /var/lib/postgresql/data -l logfile start
2025-12-24T15:22:29.5970125Z  
2025-12-24T15:22:29.5970721Z  waiting for server to start....2025-12-24 15:21:50.994 UTC [48] LOG:  starting PostgreSQL 15.15 (Debian 15.15-1.pgdg12+1) on x86_64-pc-linux-gnu, compiled by gcc (Debian 12.2.0-14+deb12u1) 12.2.0, 64-bit
2025-12-24T15:22:29.5971492Z  2025-12-24 15:21:50.995 UTC [48] LOG:  listening on Unix socket "/var/run/postgresql/.s.PGSQL.5432"
2025-12-24T15:22:29.5971967Z  2025-12-24 15:21:50.997 UTC [51] LOG:  database system was shut down at 2025-12-24 15:21:50 UTC
2025-12-24T15:22:29.5972398Z  2025-12-24 15:21:51.001 UTC [48] LOG:  database system is ready to accept connections
2025-12-24T15:22:29.5972707Z   done
2025-12-24T15:22:29.5972862Z  server started
2025-12-24T15:22:29.5973037Z  CREATE DATABASE
2025-12-24T15:22:29.5973196Z  
2025-12-24T15:22:29.5973333Z  
2025-12-24T15:22:29.5973616Z  /usr/local/bin/docker-entrypoint.sh: ignoring /docker-entrypoint-initdb.d/*
2025-12-24T15:22:29.5973969Z  
2025-12-24T15:22:29.5974187Z  2025-12-24 15:21:51.181 UTC [48] LOG:  received fast shutdown request
2025-12-24T15:22:29.5974634Z  waiting for server to shut down....2025-12-24 15:21:51.182 UTC [48] LOG:  aborting any active transactions
2025-12-24T15:22:29.5975222Z  2025-12-24 15:21:51.184 UTC [48] LOG:  background worker "logical replication launcher" (PID 54) exited with exit code 1
2025-12-24T15:22:29.5975677Z  2025-12-24 15:21:51.184 UTC [49] LOG:  shutting down
2025-12-24T15:22:29.5976007Z  2025-12-24 15:21:51.184 UTC [49] LOG:  checkpoint starting: shutdown immediate
2025-12-24T15:22:29.5976813Z  2025-12-24 15:21:51.200 UTC [49] LOG:  checkpoint complete: wrote 918 buffers (5.6%); 0 WAL file(s) added, 0 removed, 0 recycled; write=0.013 s, sync=0.002 s, total=0.016 s; sync files=301, longest=0.001 s, average=0.001 s; distance=4222 kB, estimate=4222 kB
2025-12-24T15:22:29.5977818Z  2025-12-24 15:21:51.206 UTC [48] LOG:  database system is shut down
2025-12-24T15:22:29.5978093Z   done
2025-12-24T15:22:29.5978248Z  server stopped
2025-12-24T15:22:29.5978413Z  
2025-12-24T15:22:29.5978611Z  PostgreSQL init process complete; ready for start up.
2025-12-24T15:22:29.5979025Z  
2025-12-24T15:22:29.5980406Z  initdb: warning: enabling "trust" authentication for local connections
2025-12-24T15:22:29.5981055Z  initdb: hint: You can change this by editing pg_hba.conf or using the option -A, or --auth-local and --auth-host, the next time you run initdb.
2025-12-24T15:22:29.5981890Z  2025-12-24 15:21:51.302 UTC [1] LOG:  starting PostgreSQL 15.15 (Debian 15.15-1.pgdg12+1) on x86_64-pc-linux-gnu, compiled by gcc (Debian 12.2.0-14+deb12u1) 12.2.0, 64-bit
2025-12-24T15:22:29.5982526Z  2025-12-24 15:21:51.302 UTC [1] LOG:  listening on IPv4 address "0.0.0.0", port 5432
2025-12-24T15:22:29.5982946Z  2025-12-24 15:21:51.302 UTC [1] LOG:  listening on IPv6 address "::", port 5432
2025-12-24T15:22:29.5983399Z  2025-12-24 15:21:51.303 UTC [1] LOG:  listening on Unix socket "/var/run/postgresql/.s.PGSQL.5432"
2025-12-24T15:22:29.5983878Z  2025-12-24 15:21:51.306 UTC [64] LOG:  database system was shut down at 2025-12-24 15:21:51 UTC
2025-12-24T15:22:29.5984304Z  2025-12-24 15:21:51.310 UTC [1] LOG:  database system is ready to accept connections
2025-12-24T15:22:29.5984705Z  2025-12-24 15:22:23.541 UTC [62] LOG:  checkpoint starting: immediate force wait
2025-12-24T15:22:29.5985529Z  2025-12-24 15:22:23.563 UTC [62] LOG:  checkpoint complete: wrote 1206 buffers (7.4%); 0 WAL file(s) added, 0 removed, 1 recycled; write=0.019 s, sync=0.002 s, total=0.022 s; sync files=427, longest=0.001 s, average=0.001 s; distance=10016 kB, estimate=10016 kB
2025-12-24T15:22:29.5986331Z  2025-12-24 15:22:23.625 UTC [62] LOG:  checkpoint starting: immediate force wait
2025-12-24T15:22:29.5987108Z  2025-12-24 15:22:23.627 UTC [62] LOG:  checkpoint complete: wrote 4 buffers (0.0%); 0 WAL file(s) added, 0 removed, 0 recycled; write=0.001 s, sync=0.001 s, total=0.003 s; sync files=4, longest=0.001 s, average=0.001 s; distance=4435 kB, estimate=9458 kB
2025-12-24T15:22:29.5987891Z  2025-12-24 15:22:23.698 UTC [62] LOG:  checkpoint starting: immediate force wait
2025-12-24T15:22:29.5988656Z  2025-12-24 15:22:23.701 UTC [62] LOG:  checkpoint complete: wrote 4 buffers (0.0%); 0 WAL file(s) added, 0 removed, 0 recycled; write=0.001 s, sync=0.001 s, total=0.003 s; sync files=4, longest=0.001 s, average=0.001 s; distance=4435 kB, estimate=8956 kB
2025-12-24T15:22:29.5989667Z  2025-12-24 15:22:23.792 UTC [62] LOG:  checkpoint starting: immediate force wait
2025-12-24T15:22:29.5990437Z  2025-12-24 15:22:23.794 UTC [62] LOG:  checkpoint complete: wrote 4 buffers (0.0%); 0 WAL file(s) added, 0 removed, 0 recycled; write=0.001 s, sync=0.001 s, total=0.003 s; sync files=4, longest=0.001 s, average=0.001 s; distance=4435 kB, estimate=8504 kB
2025-12-24T15:22:29.5991212Z  2025-12-24 15:22:23.858 UTC [62] LOG:  checkpoint starting: immediate force wait
2025-12-24T15:22:29.5991970Z  2025-12-24 15:22:23.861 UTC [62] LOG:  checkpoint complete: wrote 4 buffers (0.0%); 0 WAL file(s) added, 0 removed, 1 recycled; write=0.001 s, sync=0.001 s, total=0.003 s; sync files=4, longest=0.001 s, average=0.001 s; distance=4436 kB, estimate=8097 kB
2025-12-24T15:22:29.5992753Z  2025-12-24 15:22:23.923 UTC [62] LOG:  checkpoint starting: immediate force wait
2025-12-24T15:22:29.5993517Z  2025-12-24 15:22:23.925 UTC [62] LOG:  checkpoint complete: wrote 4 buffers (0.0%); 0 WAL file(s) added, 0 removed, 0 recycled; write=0.001 s, sync=0.001 s, total=0.003 s; sync files=4, longest=0.001 s, average=0.001 s; distance=4436 kB, estimate=7731 kB
2025-12-24T15:22:29.5994283Z  2025-12-24 15:22:23.988 UTC [62] LOG:  checkpoint starting: immediate force wait
2025-12-24T15:22:29.5995053Z  2025-12-24 15:22:23.991 UTC [62] LOG:  checkpoint complete: wrote 4 buffers (0.0%); 0 WAL file(s) added, 0 removed, 0 recycled; write=0.001 s, sync=0.001 s, total=0.003 s; sync files=4, longest=0.001 s, average=0.001 s; distance=4436 kB, estimate=7401 kB
2025-12-24T15:22:29.5995954Z  2025-12-24 15:22:24.054 UTC [62] LOG:  checkpoint starting: immediate force wait
2025-12-24T15:22:29.5996844Z  2025-12-24 15:22:24.057 UTC [62] LOG:  checkpoint complete: wrote 4 buffers (0.0%); 0 WAL file(s) added, 0 removed, 1 recycled; write=0.001 s, sync=0.001 s, total=0.003 s; sync files=4, longest=0.001 s, average=0.001 s; distance=4436 kB, estimate=7105 kB
2025-12-24T15:22:29.5997610Z  2025-12-24 15:22:24.119 UTC [62] LOG:  checkpoint starting: immediate force wait
2025-12-24T15:22:29.5998378Z  2025-12-24 15:22:24.121 UTC [62] LOG:  checkpoint complete: wrote 4 buffers (0.0%); 0 WAL file(s) added, 0 removed, 0 recycled; write=0.001 s, sync=0.001 s, total=0.003 s; sync files=4, longest=0.001 s, average=0.001 s; distance=4436 kB, estimate=6838 kB
2025-12-24T15:22:29.5999372Z  2025-12-24 15:22:24.183 UTC [62] LOG:  checkpoint starting: immediate force wait
2025-12-24T15:22:29.6000140Z  2025-12-24 15:22:24.185 UTC [62] LOG:  checkpoint complete: wrote 4 buffers (0.0%); 0 WAL file(s) added, 0 removed, 0 recycled; write=0.001 s, sync=0.001 s, total=0.003 s; sync files=4, longest=0.001 s, average=0.001 s; distance=4437 kB, estimate=6598 kB
2025-12-24T15:22:29.6000913Z  2025-12-24 15:22:24.247 UTC [62] LOG:  checkpoint starting: immediate force wait
2025-12-24T15:22:29.6001827Z  2025-12-24 15:22:24.249 UTC [62] LOG:  checkpoint complete: wrote 4 buffers (0.0%); 0 WAL file(s) added, 0 removed, 0 recycled; write=0.001 s, sync=0.001 s, total=0.003 s; sync files=4, longest=0.001 s, average=0.001 s; distance=4437 kB, estimate=6382 kB
2025-12-24T15:22:29.6002601Z  2025-12-24 15:22:24.346 UTC [62] LOG:  checkpoint starting: immediate force wait
2025-12-24T15:22:29.6003367Z  2025-12-24 15:22:24.349 UTC [62] LOG:  checkpoint complete: wrote 4 buffers (0.0%); 0 WAL file(s) added, 0 removed, 1 recycled; write=0.001 s, sync=0.001 s, total=0.004 s; sync files=4, longest=0.001 s, average=0.001 s; distance=4441 kB, estimate=6188 kB
2025-12-24T15:22:29.6004142Z  2025-12-24 15:22:24.442 UTC [62] LOG:  checkpoint starting: immediate force wait
2025-12-24T15:22:29.6004914Z  2025-12-24 15:22:24.444 UTC [62] LOG:  checkpoint complete: wrote 4 buffers (0.0%); 0 WAL file(s) added, 0 removed, 0 recycled; write=0.001 s, sync=0.001 s, total=0.003 s; sync files=4, longest=0.001 s, average=0.001 s; distance=4441 kB, estimate=6013 kB
2025-12-24T15:22:29.6005681Z  2025-12-24 15:22:24.548 UTC [62] LOG:  checkpoint starting: immediate force wait
2025-12-24T15:22:29.6006446Z  2025-12-24 15:22:24.550 UTC [62] LOG:  checkpoint complete: wrote 4 buffers (0.0%); 0 WAL file(s) added, 0 removed, 0 recycled; write=0.001 s, sync=0.001 s, total=0.003 s; sync files=4, longest=0.001 s, average=0.001 s; distance=4442 kB, estimate=5856 kB
2025-12-24T15:22:29.6007214Z  2025-12-24 15:22:24.646 UTC [62] LOG:  checkpoint starting: immediate force wait
2025-12-24T15:22:29.6007978Z  2025-12-24 15:22:24.649 UTC [62] LOG:  checkpoint complete: wrote 4 buffers (0.0%); 0 WAL file(s) added, 0 removed, 0 recycled; write=0.001 s, sync=0.001 s, total=0.003 s; sync files=4, longest=0.001 s, average=0.001 s; distance=4440 kB, estimate=5714 kB
2025-12-24T15:22:29.6008752Z  2025-12-24 15:22:24.734 UTC [62] LOG:  checkpoint starting: immediate force wait
2025-12-24T15:22:29.6009861Z  2025-12-24 15:22:24.736 UTC [62] LOG:  checkpoint complete: wrote 4 buffers (0.0%); 0 WAL file(s) added, 0 removed, 1 recycled; write=0.001 s, sync=0.001 s, total=0.003 s; sync files=4, longest=0.001 s, average=0.001 s; distance=4438 kB, estimate=5587 kB
2025-12-24T15:22:29.6010644Z  2025-12-24 15:22:24.830 UTC [62] LOG:  checkpoint starting: immediate force wait
2025-12-24T15:22:29.6011409Z  2025-12-24 15:22:24.833 UTC [62] LOG:  checkpoint complete: wrote 4 buffers (0.0%); 0 WAL file(s) added, 0 removed, 0 recycled; write=0.001 s, sync=0.001 s, total=0.003 s; sync files=4, longest=0.001 s, average=0.001 s; distance=4441 kB, estimate=5472 kB
2025-12-24T15:22:29.6012343Z  2025-12-24 15:22:24.922 UTC [62] LOG:  checkpoint starting: immediate force wait
2025-12-24T15:22:29.6013111Z  2025-12-24 15:22:24.925 UTC [62] LOG:  checkpoint complete: wrote 4 buffers (0.0%); 0 WAL file(s) added, 0 removed, 0 recycled; write=0.001 s, sync=0.001 s, total=0.003 s; sync files=4, longest=0.001 s, average=0.001 s; distance=4442 kB, estimate=5369 kB
2025-12-24T15:22:29.6013990Z  2025-12-24 15:22:25.016 UTC [62] LOG:  checkpoint starting: immediate force wait
2025-12-24T15:22:29.6014770Z  2025-12-24 15:22:25.018 UTC [62] LOG:  checkpoint complete: wrote 4 buffers (0.0%); 0 WAL file(s) added, 0 removed, 1 recycled; write=0.001 s, sync=0.001 s, total=0.003 s; sync files=4, longest=0.001 s, average=0.001 s; distance=4442 kB, estimate=5276 kB
2025-12-24T15:22:29.6015565Z  2025-12-24 15:22:25.122 UTC [62] LOG:  checkpoint starting: immediate force wait
2025-12-24T15:22:29.6016330Z  2025-12-24 15:22:25.124 UTC [62] LOG:  checkpoint complete: wrote 4 buffers (0.0%); 0 WAL file(s) added, 0 removed, 0 recycled; write=0.001 s, sync=0.001 s, total=0.003 s; sync files=4, longest=0.001 s, average=0.001 s; distance=4442 kB, estimate=5193 kB
2025-12-24T15:22:29.6017107Z  2025-12-24 15:22:25.217 UTC [62] LOG:  checkpoint starting: immediate force wait
2025-12-24T15:22:29.6017880Z  2025-12-24 15:22:25.220 UTC [62] LOG:  checkpoint complete: wrote 4 buffers (0.0%); 0 WAL file(s) added, 0 removed, 0 recycled; write=0.001 s, sync=0.001 s, total=0.003 s; sync files=4, longest=0.001 s, average=0.001 s; distance=4442 kB, estimate=5118 kB
2025-12-24T15:22:29.6018651Z  2025-12-24 15:22:25.315 UTC [62] LOG:  checkpoint starting: immediate force wait
2025-12-24T15:22:29.6019644Z  2025-12-24 15:22:25.318 UTC [62] LOG:  checkpoint complete: wrote 4 buffers (0.0%); 0 WAL file(s) added, 0 removed, 0 recycled; write=0.001 s, sync=0.001 s, total=0.003 s; sync files=4, longest=0.001 s, average=0.001 s; distance=4442 kB, estimate=5050 kB
2025-12-24T15:22:29.6020420Z  2025-12-24 15:22:25.390 UTC [62] LOG:  checkpoint starting: immediate force wait
2025-12-24T15:22:29.6021194Z  2025-12-24 15:22:25.393 UTC [62] LOG:  checkpoint complete: wrote 4 buffers (0.0%); 0 WAL file(s) added, 0 removed, 1 recycled; write=0.001 s, sync=0.001 s, total=0.003 s; sync files=4, longest=0.001 s, average=0.001 s; distance=4439 kB, estimate=4989 kB
2025-12-24T15:22:29.6021957Z  2025-12-24 15:22:25.464 UTC [62] LOG:  checkpoint starting: immediate force wait
2025-12-24T15:22:29.6022727Z  2025-12-24 15:22:25.466 UTC [62] LOG:  checkpoint complete: wrote 4 buffers (0.0%); 0 WAL file(s) added, 0 removed, 0 recycled; write=0.001 s, sync=0.001 s, total=0.003 s; sync files=4, longest=0.001 s, average=0.001 s; distance=4440 kB, estimate=4934 kB
2025-12-24T15:22:29.6023495Z  2025-12-24 15:22:25.537 UTC [62] LOG:  checkpoint starting: immediate force wait
2025-12-24T15:22:29.6024257Z  2025-12-24 15:22:25.540 UTC [62] LOG:  checkpoint complete: wrote 4 buffers (0.0%); 0 WAL file(s) added, 0 removed, 0 recycled; write=0.001 s, sync=0.001 s, total=0.003 s; sync files=4, longest=0.001 s, average=0.001 s; distance=4440 kB, estimate=4885 kB
2025-12-24T15:22:29.6025025Z  2025-12-24 15:22:25.612 UTC [62] LOG:  checkpoint starting: immediate force wait
2025-12-24T15:22:29.6025791Z  2025-12-24 15:22:25.614 UTC [62] LOG:  checkpoint complete: wrote 4 buffers (0.0%); 0 WAL file(s) added, 0 removed, 0 recycled; write=0.001 s, sync=0.001 s, total=0.003 s; sync files=4, longest=0.001 s, average=0.001 s; distance=4440 kB, estimate=4840 kB
2025-12-24T15:22:29.6026569Z  2025-12-24 15:22:25.676 UTC [62] LOG:  checkpoint starting: immediate force wait
2025-12-24T15:22:29.6027330Z  2025-12-24 15:22:25.678 UTC [62] LOG:  checkpoint complete: wrote 4 buffers (0.0%); 0 WAL file(s) added, 0 removed, 1 recycled; write=0.001 s, sync=0.001 s, total=0.003 s; sync files=4, longest=0.001 s, average=0.001 s; distance=4440 kB, estimate=4800 kB
2025-12-24T15:22:29.6028101Z  2025-12-24 15:22:25.740 UTC [62] LOG:  checkpoint starting: immediate force wait
2025-12-24T15:22:29.6029111Z  2025-12-24 15:22:25.742 UTC [62] LOG:  checkpoint complete: wrote 4 buffers (0.0%); 0 WAL file(s) added, 0 removed, 0 recycled; write=0.001 s, sync=0.001 s, total=0.003 s; sync files=4, longest=0.001 s, average=0.001 s; distance=4440 kB, estimate=4764 kB
2025-12-24T15:22:29.6029883Z  2025-12-24 15:22:25.821 UTC [62] LOG:  checkpoint starting: immediate force wait
2025-12-24T15:22:29.6030791Z  2025-12-24 15:22:25.823 UTC [62] LOG:  checkpoint complete: wrote 4 buffers (0.0%); 0 WAL file(s) added, 0 removed, 0 recycled; write=0.001 s, sync=0.001 s, total=0.003 s; sync files=4, longest=0.001 s, average=0.001 s; distance=4441 kB, estimate=4732 kB
2025-12-24T15:22:29.6031566Z  2025-12-24 15:22:25.885 UTC [62] LOG:  checkpoint starting: immediate force wait
2025-12-24T15:22:29.6032330Z  2025-12-24 15:22:25.888 UTC [62] LOG:  checkpoint complete: wrote 4 buffers (0.0%); 0 WAL file(s) added, 0 removed, 1 recycled; write=0.001 s, sync=0.001 s, total=0.003 s; sync files=4, longest=0.001 s, average=0.001 s; distance=4441 kB, estimate=4703 kB
2025-12-24T15:22:29.6033096Z  2025-12-24 15:22:25.961 UTC [62] LOG:  checkpoint starting: immediate force wait
2025-12-24T15:22:29.6033861Z  2025-12-24 15:22:25.963 UTC [62] LOG:  checkpoint complete: wrote 4 buffers (0.0%); 0 WAL file(s) added, 0 removed, 0 recycled; write=0.001 s, sync=0.001 s, total=0.003 s; sync files=4, longest=0.001 s, average=0.001 s; distance=4441 kB, estimate=4677 kB
2025-12-24T15:22:29.6034634Z  2025-12-24 15:22:26.034 UTC [62] LOG:  checkpoint starting: immediate force wait
2025-12-24T15:22:29.6035400Z  2025-12-24 15:22:26.036 UTC [62] LOG:  checkpoint complete: wrote 4 buffers (0.0%); 0 WAL file(s) added, 0 removed, 0 recycled; write=0.001 s, sync=0.001 s, total=0.003 s; sync files=4, longest=0.001 s, average=0.001 s; distance=4441 kB, estimate=4653 kB
2025-12-24T15:22:29.6036168Z  2025-12-24 15:22:26.141 UTC [62] LOG:  checkpoint starting: immediate force wait
2025-12-24T15:22:29.6036960Z  2025-12-24 15:22:26.144 UTC [62] LOG:  checkpoint complete: wrote 4 buffers (0.0%); 0 WAL file(s) added, 0 removed, 0 recycled; write=0.001 s, sync=0.001 s, total=0.004 s; sync files=4, longest=0.001 s, average=0.001 s; distance=4442 kB, estimate=4632 kB
2025-12-24T15:22:29.6037771Z  2025-12-24 15:22:26.222 UTC [62] LOG:  checkpoint starting: immediate force wait
2025-12-24T15:22:29.6038550Z  2025-12-24 15:22:26.225 UTC [62] LOG:  checkpoint complete: wrote 4 buffers (0.0%); 0 WAL file(s) added, 0 removed, 1 recycled; write=0.001 s, sync=0.001 s, total=0.003 s; sync files=4, longest=0.001 s, average=0.001 s; distance=4443 kB, estimate=4613 kB
2025-12-24T15:22:29.6039539Z  2025-12-24 15:22:26.296 UTC [62] LOG:  checkpoint starting: immediate force wait
2025-12-24T15:22:29.6040305Z  2025-12-24 15:22:26.299 UTC [62] LOG:  checkpoint complete: wrote 4 buffers (0.0%); 0 WAL file(s) added, 0 removed, 0 recycled; write=0.001 s, sync=0.001 s, total=0.003 s; sync files=4, longest=0.001 s, average=0.001 s; distance=4442 kB, estimate=4596 kB
2025-12-24T15:22:29.6041081Z  2025-12-24 15:22:26.373 UTC [62] LOG:  checkpoint starting: immediate force wait
2025-12-24T15:22:29.6041846Z  2025-12-24 15:22:26.375 UTC [62] LOG:  checkpoint complete: wrote 4 buffers (0.0%); 0 WAL file(s) added, 0 removed, 0 recycled; write=0.001 s, sync=0.001 s, total=0.003 s; sync files=4, longest=0.001 s, average=0.001 s; distance=4442 kB, estimate=4581 kB
2025-12-24T15:22:29.6042614Z  2025-12-24 15:22:26.452 UTC [62] LOG:  checkpoint starting: immediate force wait
2025-12-24T15:22:29.6043383Z  2025-12-24 15:22:26.454 UTC [62] LOG:  checkpoint complete: wrote 4 buffers (0.0%); 0 WAL file(s) added, 0 removed, 0 recycled; write=0.001 s, sync=0.001 s, total=0.003 s; sync files=4, longest=0.001 s, average=0.001 s; distance=4442 kB, estimate=4567 kB
2025-12-24T15:22:29.6044154Z  2025-12-24 15:22:26.523 UTC [62] LOG:  checkpoint starting: immediate force wait
2025-12-24T15:22:29.6044920Z  2025-12-24 15:22:26.527 UTC [62] LOG:  checkpoint complete: wrote 4 buffers (0.0%); 0 WAL file(s) added, 0 removed, 1 recycled; write=0.001 s, sync=0.001 s, total=0.004 s; sync files=4, longest=0.001 s, average=0.001 s; distance=4443 kB, estimate=4554 kB
2025-12-24T15:22:29.6045823Z  2025-12-24 15:22:26.605 UTC [62] LOG:  checkpoint starting: immediate force wait
2025-12-24T15:22:29.6046695Z  2025-12-24 15:22:26.607 UTC [62] LOG:  checkpoint complete: wrote 4 buffers (0.0%); 0 WAL file(s) added, 0 removed, 0 recycled; write=0.001 s, sync=0.001 s, total=0.003 s; sync files=4, longest=0.001 s, average=0.001 s; distance=4443 kB, estimate=4543 kB
2025-12-24T15:22:29.6047465Z  2025-12-24 15:22:26.676 UTC [62] LOG:  checkpoint starting: immediate force wait
2025-12-24T15:22:29.6048230Z  2025-12-24 15:22:26.679 UTC [62] LOG:  checkpoint complete: wrote 4 buffers (0.0%); 0 WAL file(s) added, 0 removed, 0 recycled; write=0.001 s, sync=0.001 s, total=0.003 s; sync files=4, longest=0.001 s, average=0.001 s; distance=4443 kB, estimate=4533 kB
2025-12-24T15:22:29.6049105Z  2025-12-24 15:22:26.741 UTC [62] LOG:  checkpoint starting: immediate force wait
2025-12-24T15:22:29.6049882Z  2025-12-24 15:22:26.743 UTC [62] LOG:  checkpoint complete: wrote 4 buffers (0.0%); 0 WAL file(s) added, 0 removed, 1 recycled; write=0.001 s, sync=0.001 s, total=0.003 s; sync files=4, longest=0.001 s, average=0.001 s; distance=4437 kB, estimate=4524 kB
2025-12-24T15:22:29.6050672Z  2025-12-24 15:22:26.805 UTC [62] LOG:  checkpoint starting: immediate force wait
2025-12-24T15:22:29.6051445Z  2025-12-24 15:22:26.807 UTC [62] LOG:  checkpoint complete: wrote 4 buffers (0.0%); 0 WAL file(s) added, 0 removed, 0 recycled; write=0.001 s, sync=0.001 s, total=0.003 s; sync files=4, longest=0.001 s, average=0.001 s; distance=4437 kB, estimate=4515 kB
2025-12-24T15:22:29.6052216Z  2025-12-24 15:22:26.869 UTC [62] LOG:  checkpoint starting: immediate force wait
2025-12-24T15:22:29.6052982Z  2025-12-24 15:22:26.872 UTC [62] LOG:  checkpoint complete: wrote 4 buffers (0.0%); 0 WAL file(s) added, 0 removed, 0 recycled; write=0.001 s, sync=0.001 s, total=0.003 s; sync files=4, longest=0.001 s, average=0.001 s; distance=4438 kB, estimate=4507 kB
2025-12-24T15:22:29.6053749Z  2025-12-24 15:22:26.934 UTC [62] LOG:  checkpoint starting: immediate force wait
2025-12-24T15:22:29.6054521Z  2025-12-24 15:22:26.937 UTC [62] LOG:  checkpoint complete: wrote 4 buffers (0.0%); 0 WAL file(s) added, 0 removed, 0 recycled; write=0.001 s, sync=0.001 s, total=0.003 s; sync files=4, longest=0.001 s, average=0.001 s; distance=4438 kB, estimate=4500 kB
2025-12-24T15:22:29.6055297Z  2025-12-24 15:22:26.999 UTC [62] LOG:  checkpoint starting: immediate force wait
2025-12-24T15:22:29.6056061Z  2025-12-24 15:22:27.003 UTC [62] LOG:  checkpoint complete: wrote 4 buffers (0.0%); 0 WAL file(s) added, 0 removed, 1 recycled; write=0.001 s, sync=0.001 s, total=0.004 s; sync files=4, longest=0.001 s, average=0.001 s; distance=4438 kB, estimate=4494 kB
2025-12-24T15:22:29.6056839Z  2025-12-24 15:22:27.065 UTC [62] LOG:  checkpoint starting: immediate force wait
2025-12-24T15:22:29.6057605Z  2025-12-24 15:22:27.068 UTC [62] LOG:  checkpoint complete: wrote 4 buffers (0.0%); 0 WAL file(s) added, 0 removed, 0 recycled; write=0.001 s, sync=0.001 s, total=0.004 s; sync files=4, longest=0.001 s, average=0.001 s; distance=4438 kB, estimate=4488 kB
2025-12-24T15:22:29.6058379Z  2025-12-24 15:22:27.130 UTC [62] LOG:  checkpoint starting: immediate force wait
2025-12-24T15:22:29.6059346Z  2025-12-24 15:22:27.133 UTC [62] LOG:  checkpoint complete: wrote 4 buffers (0.0%); 0 WAL file(s) added, 0 removed, 0 recycled; write=0.001 s, sync=0.001 s, total=0.003 s; sync files=4, longest=0.001 s, average=0.001 s; distance=4438 kB, estimate=4483 kB
2025-12-24T15:22:29.6060127Z  2025-12-24 15:22:27.193 UTC [62] LOG:  checkpoint starting: immediate force wait
2025-12-24T15:22:29.6060892Z  2025-12-24 15:22:27.196 UTC [62] LOG:  checkpoint complete: wrote 4 buffers (0.0%); 0 WAL file(s) added, 0 removed, 0 recycled; write=0.001 s, sync=0.001 s, total=0.003 s; sync files=4, longest=0.001 s, average=0.001 s; distance=4439 kB, estimate=4479 kB
2025-12-24T15:22:29.6061782Z  2025-12-24 15:22:27.469 UTC [62] LOG:  checkpoint starting: immediate force wait
2025-12-24T15:22:29.6062559Z  2025-12-24 15:22:27.472 UTC [62] LOG:  checkpoint complete: wrote 4 buffers (0.0%); 0 WAL file(s) added, 0 removed, 1 recycled; write=0.001 s, sync=0.001 s, total=0.003 s; sync files=4, longest=0.001 s, average=0.001 s; distance=4439 kB, estimate=4475 kB
2025-12-24T15:22:29.6063454Z  2025-12-24 15:22:27.688 UTC [62] LOG:  checkpoint starting: immediate force wait
2025-12-24T15:22:29.6064240Z  2025-12-24 15:22:27.690 UTC [62] LOG:  checkpoint complete: wrote 4 buffers (0.0%); 0 WAL file(s) added, 0 removed, 0 recycled; write=0.001 s, sync=0.001 s, total=0.003 s; sync files=4, longest=0.001 s, average=0.001 s; distance=4439 kB, estimate=4471 kB
2025-12-24T15:22:29.6065009Z  2025-12-24 15:22:27.912 UTC [62] LOG:  checkpoint starting: immediate force wait
2025-12-24T15:22:29.6065780Z  2025-12-24 15:22:27.915 UTC [62] LOG:  checkpoint complete: wrote 4 buffers (0.0%); 0 WAL file(s) added, 0 removed, 0 recycled; write=0.001 s, sync=0.001 s, total=0.003 s; sync files=4, longest=0.001 s, average=0.001 s; distance=4439 kB, estimate=4468 kB
2025-12-24T15:22:29.6066555Z  2025-12-24 15:22:28.109 UTC [62] LOG:  checkpoint starting: immediate force wait
2025-12-24T15:22:29.6067319Z  2025-12-24 15:22:28.112 UTC [62] LOG:  checkpoint complete: wrote 4 buffers (0.0%); 0 WAL file(s) added, 0 removed, 1 recycled; write=0.001 s, sync=0.001 s, total=0.003 s; sync files=4, longest=0.001 s, average=0.001 s; distance=4440 kB, estimate=4465 kB
2025-12-24T15:22:29.6068093Z  2025-12-24 15:22:28.411 UTC [62] LOG:  checkpoint starting: immediate force wait
2025-12-24T15:22:29.6068860Z  2025-12-24 15:22:28.414 UTC [62] LOG:  checkpoint complete: wrote 4 buffers (0.0%); 0 WAL file(s) added, 0 removed, 0 recycled; write=0.001 s, sync=0.001 s, total=0.003 s; sync files=4, longest=0.001 s, average=0.001 s; distance=4440 kB, estimate=4463 kB
2025-12-24T15:22:29.6069735Z  2025-12-24 15:22:28.475 UTC [62] LOG:  checkpoint starting: immediate force wait
2025-12-24T15:22:29.6070508Z  2025-12-24 15:22:28.478 UTC [62] LOG:  checkpoint complete: wrote 4 buffers (0.0%); 0 WAL file(s) added, 0 removed, 0 recycled; write=0.001 s, sync=0.001 s, total=0.003 s; sync files=4, longest=0.001 s, average=0.001 s; distance=4440 kB, estimate=4460 kB
2025-12-24T15:22:29.6071281Z  2025-12-24 15:22:28.538 UTC [62] LOG:  checkpoint starting: immediate force wait
2025-12-24T15:22:29.6072052Z  2025-12-24 15:22:28.541 UTC [62] LOG:  checkpoint complete: wrote 4 buffers (0.0%); 0 WAL file(s) added, 0 removed, 0 recycled; write=0.001 s, sync=0.001 s, total=0.003 s; sync files=4, longest=0.001 s, average=0.001 s; distance=4440 kB, estimate=4458 kB
2025-12-24T15:22:29.6072821Z  2025-12-24 15:22:28.601 UTC [62] LOG:  checkpoint starting: immediate force wait
2025-12-24T15:22:29.6073591Z  2025-12-24 15:22:28.604 UTC [62] LOG:  checkpoint complete: wrote 4 buffers (0.0%); 0 WAL file(s) added, 0 removed, 1 recycled; write=0.001 s, sync=0.001 s, total=0.003 s; sync files=4, longest=0.001 s, average=0.001 s; distance=4440 kB, estimate=4457 kB
2025-12-24T15:22:29.6074360Z  2025-12-24 15:22:28.665 UTC [62] LOG:  checkpoint starting: immediate force wait
2025-12-24T15:22:29.6075130Z  2025-12-24 15:22:28.668 UTC [62] LOG:  checkpoint complete: wrote 4 buffers (0.0%); 0 WAL file(s) added, 0 removed, 0 recycled; write=0.001 s, sync=0.001 s, total=0.003 s; sync files=4, longest=0.001 s, average=0.001 s; distance=4441 kB, estimate=4455 kB
2025-12-24T15:22:29.6075900Z  2025-12-24 15:22:28.730 UTC [62] LOG:  checkpoint starting: immediate force wait
2025-12-24T15:22:29.6076663Z  2025-12-24 15:22:28.733 UTC [62] LOG:  checkpoint complete: wrote 4 buffers (0.0%); 0 WAL file(s) added, 0 removed, 0 recycled; write=0.001 s, sync=0.001 s, total=0.003 s; sync files=4, longest=0.001 s, average=0.001 s; distance=4441 kB, estimate=4454 kB
2025-12-24T15:22:29.6077431Z  2025-12-24 15:22:28.797 UTC [62] LOG:  checkpoint starting: immediate force wait
2025-12-24T15:22:29.6078309Z  2025-12-24 15:22:28.799 UTC [62] LOG:  checkpoint complete: wrote 4 buffers (0.0%); 0 WAL file(s) added, 0 removed, 0 recycled; write=0.001 s, sync=0.001 s, total=0.003 s; sync files=4, longest=0.001 s, average=0.001 s; distance=4441 kB, estimate=4452 kB
2025-12-24T15:22:29.6084069Z Stop and remove container: 5559a299a6ab42929245215fce35c355_pgvectorpgvectorpg15_1da24c
2025-12-24T15:22:29.6088796Z ##[command]/usr/bin/docker rm --force e7108ea544f20d0f0124bf0bf2358fbc69e2a5bec55547af0f3db2c47ce5c623
2025-12-24T15:22:29.7956486Z e7108ea544f20d0f0124bf0bf2358fbc69e2a5bec55547af0f3db2c47ce5c623
2025-12-24T15:22:29.7988242Z Remove container network: github_network_966cbc467e244145bab1e4f44881e0b0
2025-12-24T15:22:29.7993221Z ##[command]/usr/bin/docker network rm github_network_966cbc467e244145bab1e4f44881e0b0
2025-12-24T15:22:29.9054085Z github_network_966cbc467e244145bab1e4f44881e0b0
2025-12-24T15:22:29.9115465Z Cleaning up orphan processes